BC3498full_00000704	chr2	100.000	23	0	0	1	23	2426337	2426359	1.01e-05	42.8	chr2	2426337	+	1	1
BC3498full_00000877	chr2	100.000	43	0	0	1	43	4437847	4437889	5.17e-16	78.8	chr2	4437847	+	1	1
