>BC3512full_PBS_00000002
ACTAAGTT
>BC3512full_PBS_00000000
TCACCTAG
>BC3512full_PBS_00000001
TGAAAACA
