>BC3498full_PBS_00001007
CTTCATTG
>BC3498full_PBS_00001250
CTCGGCCT
>BC3498full_PBS_00001022
CTCGGCCT
>BC3498full_PBS_00001379
TGAACACA
>BC3498full_PBS_00001262
TGAACACA
>BC3498full_PBS_00001143
TGCAAACA
>BC3498full_PBS_00000787
TGAAAGGA
>BC3498full_PBS_00000955
TGAACACA
>BC3498full_PBS_00001380
TGGTCCTC
>BC3498full_PBS_00001055
TGTAAACC
>BC3498full_PBS_00001278
CTCACGCG
>BC3498full_PBS_00000437
TGAACACA
>BC3498full_PBS_00000442
ACGTCCTT
>BC3498full_PBS_00000242
TTCACGAA
>BC3498full_PBS_00000972
GAGGATTA
>BC3498full_PBS_00001082
TTTACACC
>BC3498full_PBS_00000313
TGAACCCA
>BC3498full_PBS_00000420
CGTTTGCT
>BC3498full_PBS_00000597
TATAAAAG
>BC3498full_PBS_00000482
TACCACAG
>BC3498full_PBS_00000204
GCTCGGAG
>BC3498full_PBS_00000693
TGATATAA
>BC3498full_PBS_00000573
TGAACACA
>BC3498full_PBS_00001456
CACTCCAA
>BC3498full_PBS_00001457
CACTCCAA
>BC3498full_PBS_00000881
ACGCCGCA
>BC3498full_PBS_00000368
TGAACACA
>BC3498full_PBS_00000052
ACAACACA-ACAACACA-ACAACACA-ACAACACA-ACAACACA
>BC3498full_PBS_00000220
TGAACACA
>BC3498full_PBS_00000167
GTTTCCCA
>BC3498full_PBS_00000947
TGAACACA
>BC3498full_PBS_00000047
AACCTTTC-AACCTTTC-TGGTATAA-AACCTTTC
>BC3498full_PBS_00001325
GAACGGCA
>BC3498full_PBS_00000429
TTTTTGGC
>BC3498full_PBS_00000216
CTAGCACT
>BC3498full_PBS_00000034
TGAACACA
>BC3498full_PBS_00001156
TGAACACA
>BC3498full_PBS_00000510
TGAACACA
>BC3498full_PBS_00000586
ACTCTAAC-TGCCCCAA-TTCCCCAA
>BC3498full_PBS_00000717
ATCTCCGC
>BC3498full_PBS_00000109
ACTCTAAC-CTATCCGC-AGTCCCCC-AAACTACC-TTCACACA-CTATCCGC-TTTACAGT-GAGCTGCA-CACCGTGA-TCACGTGC-TCGTGGGA-TGTCCGGA-TGTCCGGA-TTCGACTC-CTATCCGC-ACTGACAC-CATGGTGT-TGCCCGAC-CAGAAGGC-GATATTCC-GACTACTC-AAGGGTTC-CACTTTGA-GATCCTAA-GGATACTC-AAACTACC-TAAAACCC-TCGTGGGA-GTATTTAC-AAAGGGTC-ACCTACTC-TCACGTGC-TGTCCGGA-TTGTCCAC-TGGTCCAC-AAGGGTTC-ACTAAACG-TTCACACA
>BC3498full_PBS_00000126
CACTATAC
>BC3498full_PBS_00000033
GCAAATAA-CTGATGAG-CTGATGAG-AAACACAC-CTGATGAG-TCGAGCCG-ACGGACAA-GCAAATAA-TCGAGCCG-CCCGTCCC-CTGATGAG-AAACACAC-CCTGTCCC-CCTGTCCC-GCAAATAA-CTGATGAG-TATTCAAA-TCGAGCCG-GCTCAAAG-GCTCAAAG-CTGATGAG-TATGGTCA
>BC3498full_PBS_00000454
TTCTCCTA-CAAAAGAG
>BC3498full_PBS_00000742
GGTAGCCC
>BC3498full_PBS_00000082
ATTTCCGG-AGACACCA
>BC3498full_PBS_00000390
AATCATCA
>BC3498full_PBS_00001021
CCTGTATA
>BC3498full_PBS_00000162
AATCATCA-AATCATCA
>BC3498full_PBS_00000755
TTTTGCCG
>BC3498full_PBS_00000072
ATATCACG
>BC3498full_PBS_00000638
ATACTTCA-TTGACCTC-CCTCATCA
>BC3498full_PBS_00000003
ATACCCAA-ACCCCACT-GGCTTACT-GTTCCAAT-GGCTTACT-TTATCGTG-CCGAGTAT-CCGAGTAT-TCTTTCCG-TTGTGTTA-ACGATTTG-TTTTATGA-TGGCTTTT-ACGATTTG-ACGATTTG-TTGTGTTA
>BC3498full_PBS_00000824
TAACCTTA
>BC3498full_PBS_00001146
CTTCGGAG
>BC3498full_PBS_00000468
CTTCGGAG
>BC3498full_PBS_00000973
CTTCGGAG-CTTCGGAG-CTTCGGCG
>BC3498full_PBS_00001123
ACATTATT
>BC3498full_PBS_00001124
ACTCTATT
>BC3498full_PBS_00000068
CAACACCG-CAACACCG
>BC3498full_PBS_00000711
GGAACAAA
>BC3498full_PBS_00000603
TGAACACA
>BC3498full_PBS_00001001
AATAAAGA
>BC3498full_PBS_00000090
ACGAGTAC
>BC3498full_PBS_00001068
CTTCTTGC-GGACTTCA
>BC3498full_PBS_00000282
TAACTTTC
>BC3498full_PBS_00000642
TGGACACA
>BC3498full_PBS_00000370
TTTTCCAA
>BC3498full_PBS_00000478
TTTTCCAA-TTTTCCAA-TTTTCCAA-TTTTCCAA
>BC3498full_PBS_00000036
TATAGGCC-TATAGGCC
>BC3498full_PBS_00000113
GAACGAGA
>BC3498full_PBS_00000617
CAGAATTA
>BC3498full_PBS_00000065
TCCCTATT
>BC3498full_PBS_00001096
CAACTACC
>BC3498full_PBS_00000217
GCATCCAT
>BC3498full_PBS_00001331
TGAACACC
>BC3498full_PBS_00001265
TTATACAT
>BC3498full_PBS_00001285
AGCGTGCC
>BC3498full_PBS_00000060
AGACCCTA
>BC3498full_PBS_00000624
AGACCCTA-AGACCCTA-AGACCCTA
>BC3498full_PBS_00000191
TAGTACCC
>BC3498full_PBS_00000569
TGGTCGTT-TGGTCGTT
>BC3498full_PBS_00000701
GATCCCTA
>BC3498full_PBS_00000164
CGATAATG
>BC3498full_PBS_00000449
GCAAAGTG
>BC3498full_PBS_00000028
TGCCAGTT-AGTAACTA-CGATAATG-AACCCTAG-TTTCTATC-GAATTTTT-CCTACATT-GCTATACC-CACCCCGG-CACCCCGG-TACCACGC-CAGGTTGA-CACGGTTT-GGTATGAT-CACGGTTT
>BC3498full_PBS_00000450
GCAAAGTG
>BC3498full_PBS_00000087
TTTGGAAG
>BC3498full_PBS_00000873
CATGGTGT
>BC3498full_PBS_00000218
CCACGCGA
>BC3498full_PBS_00000147
GCTATACC-GCATACAA-GCATACAA-CGTCTTCC-TAACCCAA-TAACCCAA-TCTGCTCA-GCTCGGAG-TTGTTCCA-AAACATCT-CTGACCAC-CTATATAT-TGACGCCT-GTCTTACT-AATCCAAA-GATGTCTT-ACTCTAAC-GTCTTACT-TAGCACGG-ACTATAAC-CTATTTAC-GACTACCA-TTGTACCC-CAAGCGTA-CCCACTTC-CTAGATAT-TTCAAACA-CAGGTACC-CTATAGAC-TGGCAAAG-ACTCTAAC-TTTCACCG-TAGTAGGT-CATGGTGT-GACTAAGA-GTGGCCGA-GACTACCA
>BC3498full_PBS_00000968
TAGTAGGT
>BC3498full_PBS_00000331
CTATAGAC
>BC3498full_PBS_00001323
GTCTTACT
>BC3498full_PBS_00000194
GCACACAA
>BC3498full_PBS_00000849
CAATACCA
>BC3498full_PBS_00001112
CTAGATAT
>BC3498full_PBS_00000359
TTTATTTA
>BC3498full_PBS_00001032
TAACCACA
>BC3498full_PBS_00001506
TTAACACA
>BC3498full_PBS_00001189
ATCTGGGC
>BC3498full_PBS_00000962
CACTTACA
>BC3498full_PBS_00000974
TCTACGCA
>BC3498full_PBS_00000247
GCACATCC
>BC3498full_PBS_00000283
CAGTAGAA
>BC3498full_PBS_00001514
ACTCAACT
>BC3498full_PBS_00001400
GTACTCGA
>BC3498full_PBS_00001402
CTAGCACT
>BC3498full_PBS_00001315
CTAGCCCT
>BC3498full_PBS_00000002
CTAGCACT-CTAGCACT-CTAGCACT-CTAGCACT-CTAGCACT-CTAGCACT-CTAGCACT-CTAGCACT-CTAGCACT-CTAGCACT-CTAGCACT-CTAGCACT-CTAGCACT-CTAGCACT-CTAGCACT-CTAGCACT-CTAGCACT-CTAGCCCT-CTAGCACT-CTAGCACT-CTAGCACT-CTAGCACT-CTAGCACT-CTAGCACT-CTAGCACT
>BC3498full_PBS_00000697
TCTGCCGA
>BC3498full_PBS_00000358
TGTTTAAA
>BC3498full_PBS_00000922
TTTTCCAA-TTTTCCAA
>BC3498full_PBS_00000590
TTTTCCAA
>BC3498full_PBS_00000174
TTTTCCAA-TTTTCCAA-TTTTCCAA-TTTTCCAA
>BC3498full_PBS_00001205
TTTTCCAA
>BC3498full_PBS_00000578
TTTTCCAA
>BC3498full_PBS_00000165
TACACCCC
>BC3498full_PBS_00000519
TAGTCCCA
>BC3498full_PBS_00000718
TGTTCTCT
>BC3498full_PBS_00000316
TCTTATCT
>BC3498full_PBS_00000317
TCTTCTCT
>BC3498full_PBS_00000225
CTCCCTTT
>BC3498full_PBS_00001252
TTGTTTCC
>BC3498full_PBS_00001269
CACGGTTT
>BC3498full_PBS_00000001
TGAACACA-TGAACACA-TATTGATG-GATCCGCC-AGTAGGGA-TTCACCCA-TGAACACA-TGAACACA-TGAACACA-TGAACACA-TGAACACA-TGAACACA-TGAACACA-TGAACACA-TGAACACA-AGTAGGGA-TGAACACA-TGAACACA-TATAAAAG-TAGTACCC-TGAACACA-CTTCTTGC-TGAACACA-TGAACACA-CGGCTACC-CCTCCATC-CGCATTTT-TCGTTACA-TTAACACA-ATTAGGGG-TGAACACA-TGAACACA-CTAGTCTC-TATAAAAG-TACCACGC-ACGATTTG-TGAACACA-CAACGAGT-TGAACACA-TGAACACA-CCCACCCG-AGTAGGGA-CGGCTACC
>BC3498full_PBS_00000000
TGAACACA
>BC3498full_PBS_00001413
GCAAATAA
>BC3498full_PBS_00000321
GTAGAGAA-GATCCTTC-CAGAAGGC
>BC3498full_PBS_00001403
TTGGACGA
>BC3498full_PBS_00000681
TCCTAAAC
>BC3498full_PBS_00000166
CCGACCCA
>BC3498full_PBS_00001133
CTAGCACT
>BC3498full_PBS_00000727
TTCTGAAG
>BC3498full_PBS_00000524
CACTGTGA
>BC3498full_PBS_00000488
CTCTTCTC-CTCTTCTC
>BC3498full_PBS_00000673
TGAACCCA
>BC3498full_PBS_00001311
CGAACAGG
>BC3498full_PBS_00000097
CATGTTGA
>BC3498full_PBS_00000246
GCCATACA-CTGCAACT-CAGTAACT
>BC3498full_PBS_00001190
GTAGCAGT-GTAGCAGT
>BC3498full_PBS_00000122
CCGGGTCC
>BC3498full_PBS_00001020
CCTCTCTG
>BC3498full_PBS_00000829
GGAGGTAT
>BC3498full_PBS_00000399
CGACAAGG
>BC3498full_PBS_00000092
TAACTTTC
>BC3498full_PBS_00000088
TAACTTTC-TAACTTTC-CTCAAAGT-CTCAAAGT-GGGTCTAG-TTCTCGGA-GTAATTGT-ATACCCAA-TTCTCGGA-TTCTCGGA-AGTATTAT-ATACCCAA-TGGCATAA-TAATTCTC
>BC3498full_PBS_00001518
GGGTCTAG
>BC3498full_PBS_00000846
ACCAGAGG
>BC3498full_PBS_00000133
TCCGCTCG-CCCACAGC
>BC3498full_PBS_00000018
CGAGAAAA-CGAGAAAA-CGAGAAAA-CGAGAAAA
>BC3498full_PBS_00000093
AATCCGAG-AATCCGAG-AATCCGAG-CCCTCCGC-AATCCGAG
>BC3498full_PBS_00000650
AGTAGGGC
>BC3498full_PBS_00001448
AGAACCCA
>BC3498full_PBS_00000448
CTGCATTC-CTGCATTC-CTGCATTC
>BC3498full_PBS_00000498
CTGCATTC
>BC3498full_PBS_00000178
TATTCTAG
>BC3498full_PBS_00000537
TGTACACG
>BC3498full_PBS_00001150
TGAACACA
>BC3498full_PBS_00000326
GTTAGGAT
>BC3498full_PBS_00001499
CTCTGTGC
>BC3498full_PBS_00000140
TTTTATGA
>BC3498full_PBS_00000179
TGAACACA
>BC3498full_PBS_00000479
TCCACACA
>BC3498full_PBS_00000511
TCAACCCA
>BC3498full_PBS_00001080
GCTCGGCA
>BC3498full_PBS_00000527
TGAACACA
>BC3498full_PBS_00000005
AATCAGAA-TGAACACA-GGAAGACA-TGAACACA-TGAACACA-TGAACACA-TGAACACA-GATCCGCC-TGAACACA-TGAACACA-AGTAGGGA-TGAACACA-GGAGCCTC-TGAACACA-CCTACATT-TGAACACA-TGAACACA-CAATACCA-TGAACACA-TGAACACA-TGAACACA-TATACAAA-TGAACATA-AATAGAGT-CGCCAAGA-TACCACGC-TCACCTAG-TATAACAG-TGAACACA-TTGTTCCA-AGTAGGGA-AGGCTCTA-ATCTGAAC-CTGTGAAG-CATGGTGT-TGAACACA-TGAACACA-AGTAGGGA-CATGGTGT-TGAACACA-TGAACGCA-TGAACACA-TGAACACA-TGAACACA-TGAACACA-TGAACACA-TGGTTACA-AGTAGGGA-TGAACACA-ATCTCCGA-CCGAGTAT-TGAACACA-TGAACACA-TCGTTACA-AGTAGGGA-ACGATTTG-TGAACACA-TGAACACA-TGAACACA-GCTTTCCG-AAGCGGAG-TATAAAAG-ACTTTCCC-TGTAAAAA-AGTAGGGA-TGAACACA-TGTTTTCT-TGAACACA-TTAACACA-TGAACACA-TATAAAAG-CAATACCA-TGAACACA-TGAACACA-TTAACCCA-TGAACACA-TGAACACA-AATAGGGA-CACGGTTT-AGTAGGGA-CGACCGCA-TGAACACA-AGTAGGGA-TCACCTAG-TGAACACA-TGAACACA-TTGTTCCA-CCGACCGC-TATAAAAG-TGAACACA-AGTAGGGA-AGTAGGGA-TGAACACA-AGTAGGGA-TGAACACA-TGAACACA-TGAACACA-AGTAGGGA-ACTTTCCG-ACGATTTG-TGAACACA-TACCACGC-TGAACACA-TATAAAAG-TGAACACA-AGATCCTT-TGAACACA-TGAACACA-TGAACACA-CCGCGCGT-TTGTTCCA-TGAACACA-TGAACACA-TGAACACA-TTAACACA-AGTCGCTA-AATCCAAA-TGAACACA-TGGACACA-TGAACACA-TGAACACA-TGAACACA-TGAACACA-AGTAGGGA-TGAACACA-ACTTTCCG-TTAACACA-TGAACACA-TGAACACA-TGAACACA-TGAACACA-ACGATTTG-CGCGGCAT-TGAACACA-TGAACACA-TGAACACA-TGAACACA-TGAACACA-CACAGTAC-AGTAGGGA-TGAACACA-GTTAGAGA-TGAACACA-TGAACACA-TGAACACA-TGAACACA-GATCCGCC-TGAACACA-TGAACACA-AGTAGGGA-GCCTTTAC-GCCTTTAC-AGTAGGGA-TGAACACC-TACCACGC-CGCATTTT-TGAACACA-AGTAGGGA-TGAACACA-GGTACACT-TATAAAAG-TGAACACA-TGAACACA-TGAACACA-GAACCGAA-TGAACACA-TGAACACA-TGAACACA-TGAACACA-TGAACACA-TTTGTGCC-TGGTATAA-TGAACACA-TGAACACA-CGTTTGCT-TGAACACA-TGAACCCA-CCCTCCGC-TTTAGGGG-TGAACACA-TGAACACA-TGAACACA-TGAACACA-TGAGCCCC-AGTAGGGA-AGTAGGGA-TACCTATT-TGAACACA-TGGTCAAC-TGAACACA-CGAACACA-TGAACACA-AGGAGGGA-TCCCTTCG-TGAACACA-TGAACACA-TGAACACA-TGAACACA-TGAACACA-TGAACACA-TGAACACA-TGAACACA-ACGATTTG-GAATCATC-AGTAGGGA
>BC3498full_PBS_00000210
TACCACGC
>BC3498full_PBS_00000340
TGTACACA
>BC3498full_PBS_00000546
CGGAAGCA
>BC3498full_PBS_00000229
CGTAGGCA
>BC3498full_PBS_00000785
TGAACACA
>BC3498full_PBS_00000183
TGAACACA
>BC3498full_PBS_00000891
TGAACACA
>BC3498full_PBS_00001099
TGAACACA
>BC3498full_PBS_00000417
TGAACACA
>BC3498full_PBS_00000802
TACCACGC
>BC3498full_PBS_00000943
AGTAGGGA
>BC3498full_PBS_00000298
TGAACACA
>BC3498full_PBS_00000502
TGTAAAAG
>BC3498full_PBS_00000011
TACGACCT
>BC3498full_PBS_00000925
TGAACACA
>BC3498full_PBS_00001139
TGAACACA
>BC3498full_PBS_00000959
TGAACACA-TAAACACA-TGAACACA
>BC3498full_PBS_00000020
TAAACACA-TAAACACA-TGAACACA-TGAACACA
>BC3498full_PBS_00000138
TGAGCGCA
>BC3498full_PBS_00001388
TCAACACA
>BC3498full_PBS_00000066
TGAACACA-TGAACACA-TGAACACA-TGAACACA-TGAACACA-TGAACACA-TGAACACA-TGAACACA-TGAACACA-TGAACACA-TGAACACA-TGAACACA-TGAACACA-TGAACACA-TGAACACA-TGAACACA-TGAACACA-TGAACACA-TGAACACA-TGAACACA-TGAACACA-TGAACACA-TGAACACA-TGAACACA-TGAACACA-TCCGTAAA-TGAACACA-TGAACACA-TGAACACA-TGAACACA
>BC3498full_PBS_00000016
TGAACACA-TGAACACA-TGAGCACA-TGAGCACA
>BC3498full_PBS_00000924
TGAACACA
>BC3498full_PBS_00000226
TGGATACA
>BC3498full_PBS_00000007
TGAACACA-TGAACACA-TGAACACA-TGAACACA-TGAACACA-TGAACACA-TGAACACA-TGAACACA-TGAACACA-TGACCACA-TGAACACA-TGAACACA-TGAACACA-TGAACACA-TGAACACA-TGAACACA-TGAACACA-TGAACACA-TGAACACA-TGAACACA-TGAACACA-TGAACACA-TGAACACA-TGAACACA-TGAACACA-TGACCACA-TGAACCCA-TGAACACA-TGCACACA-TGAACACA-TGAACACA-TGAACACA-TCAACACA-TGAACACA-TGAACACA-TGAACACA-TGAACACA-TGAACACA-TGAACACA-TGAACACA-TGAACACA-TGAACACA-TGAACACA-TGAACACA-TGAACACA-TGAACACA-TGAACACA-TGAACACA-TGAACACA-TGAACACA-TGAACACA-TGAACATA-TGAACACA-TGAACACA-TGAACACA-TGAACACA-TGAACACA-TGAACACA-TGAACCCC-TGAACACA-TGAACACA-TTAACACA-TGAACACA-TACGTAAA-TGAACCCA-TGAACACA-AACCCAAA-TGAACACA-TGAACACA-TGAACACA-TGAACACA-TGAACACA-TGAACACA-TGAACACA-TGAACACA-TGAACACA-TGAACACA-TGAACACA-TGAACACA-TGAACACA-TGAACACA-TGAACACA-TGAACACA-TGAACACA-TGAACCCA-TGAACACA-TGAACACA-TGAACACA-TGAACACA-TGAACACA-TGAACACA-TGAACACA-TGAACCCA-TGAACACA-TGAACACA-TGAACACA-TGAACACA-TGAACACA-TGAACACA-TGAACACA-TGAACACA-TGAACACA-TGAACACA-TGAACACA-TGAACACA-TGAACACA-TGAACACA-TGAACACA-TGAACACA-TGAACACA-TGAACACA-TGAACACA-TGAACACA-TGAACACA-TGAACACA-TGAACACA-TGAACACA-TGAACACA-TGAACACA-TGAACACA-TGAACACA-TGAACACA-TGAACACA-TGAACACA-TGAACACA-TGAACACA-TGAACACA-TGAACACA-TGAACACA-TGAACACA-TGAACACA-TGAACACA-TGAACACA-TGAACACA-TGAACACA-TGAGCACA-TGAACACA-TGAACACA-TGAACACA-TGAACACA-TTAACAAA-TGAACACA-TGAACACA-TGAACACA-TTAACACA-TGAACACA-TGAGCACA-TGAACACA-TGAACACA-TGAACACA-TGAACACA-TGAACACA-TGAACACA-TGAACACA-TGAACACA-TGAACACA-TGAACACA-TGAACACA-TGAACACA-TGAACACA-TGAACACA-TGAACACA-TGAACACA-TGAACACA-TGGACCAA-TGAACACA-TGAATACA-TGAACACA-TGAACACA-TGAACACA-TGAACACA-TGAACACA-TGAACACA-TGAACACA-TGAACACA-TGAACACA-TGAACACA-TGAACACA-TGAACACA-TGAACACA-TGAACACA-TGAACACA-TGAACACA-TGAACACA-TGAACACA-TGAACACA-TGAACACA-TGAACACA-TGAACACA-TGAACACA-TGAACACA-TGAACACA-TAAACACA-TGAACACA-TGAACACA-TGAACACA-TGAACACA-TGAACACA-TGAACACA-TGAACACA-TGAACACA-TGAACACA-TGAACACG-TGAACACA-TGAACACA-TGAACACA-TGAACACA-TGAACACA
>BC3498full_PBS_00000908
TGAACACA
>BC3498full_PBS_00001446
TGAACACA
>BC3498full_PBS_00000470
TGAACACA
>BC3498full_PBS_00000703
TGAACACA
>BC3498full_PBS_00000879
TGAACACA
>BC3498full_PBS_00000397
TGTACACA
>BC3498full_PBS_00000612
TGAACACA-TGAACACA-TGAACACA-TGAACACA
>BC3498full_PBS_00000424
TGAACACA
>BC3498full_PBS_00001378
TTAACACA
>BC3498full_PBS_00001081
TGAACACA
>BC3498full_PBS_00000559
TCAACACC
>BC3498full_PBS_00000335
CTATCACG
>BC3498full_PBS_00000019
TGAACACA-TGAACACA-TGAACACA-TGAACACA-TGAACACA-TTAACCCA-TGAACACA-TGAACACA-TGAACACT-TGAACACA-TGAACACA-TGAACACA-TGAACACA-TGAACACA-TGAACACA-TGAACACA-TTAACACA-TGAACACA-TGAACACA-TGAACACA-TGAACACA-TGAACACA-TGAACACA-TGAACACA-TGAACACA-TGAACACA-TGAACACA-TGAACACA-TGAACACA-TGAACACA-TGAACACA-TGAACACA-TGAACACA-TGAACACA-TGAACACA-TGAACACA-TGAACACA-TGAACACA-TGAACACA-TGAACACA-TGAACACA-TGAACACA-TGAACACA-TGAACACA-TGAACACA-TGAACACA-TGAACACA-TGAACACA-TGAACACA-TGAACACA-TGAACACA-TGAACACA-TGAACACA-TGAACACA-TGAACACA-TGAACACA-TGAACACA-TGAACACA-TGAACACA-TGAACACA-TGAACACA-TGAACACA-TGAACACA-TGAACACA-TGAACACA-TGAACACA-TGAACACA-TGAACACA-TGAACACA-TGAACACA-TGAACACA-TGAACACA-TGAACACA-TGAACACA-TGAACACA-TGAACACA-TGAACACA-TGAACACA-TGAACACA-TGAACACA-TGAACACA-TGAACACC-TGAACACA-TGAACACA-TGAACACA-TGAATACA-TGAACACA-TGAACACA-TGAACACA-TGAACACA-TGAACACA-TGAACACA-TGAACACA-TGAACACA-TGAACACA-TGAACACA-TGAACACA-TGAACACA-TGAACACA-TGAACACA-TGAACACA-TGAACACA-TGAACACA-TGAACACA-TGAACACA-TGAACACA-TGAACACA
>BC3498full_PBS_00001220
TGAACACA
>BC3498full_PBS_00001218
TGAACACA
>BC3498full_PBS_00001462
TGAACACA
>BC3498full_PBS_00001225
TGAACACA
>BC3498full_PBS_00001297
TGAACACA
>BC3498full_PBS_00000863
TGAACACA
>BC3498full_PBS_00000981
TGAACACA
>BC3498full_PBS_00000458
TGAACACA-TGAACACA
>BC3498full_PBS_00000076
TGAACACG
>BC3498full_PBS_00000779
TGAACACA
>BC3498full_PBS_00000418
TGAACACA
>BC3498full_PBS_00000024
TGAACACA
>BC3498full_PBS_00001359
TGAACACA
>BC3498full_PBS_00000386
TGAACACA
>BC3498full_PBS_00000373
TGAACACA
>BC3498full_PBS_00001142
TGAACACA
>BC3498full_PBS_00000056
TGAACACA
>BC3498full_PBS_00000880
TGAACACA
>BC3498full_PBS_00001263
TGAACACA
>BC3498full_PBS_00001287
TGAACACA
>BC3498full_PBS_00000623
TGAACACA
>BC3498full_PBS_00000547
TGAACACA
>BC3498full_PBS_00000591
TGAACACA
>BC3498full_PBS_00000008
TGAACACA
>BC3498full_PBS_00000513
TGAACACA
>BC3498full_PBS_00001358
TGCACACC
>BC3498full_PBS_00000348
TGAACACA
>BC3498full_PBS_00000046
TGAACACA
>BC3498full_PBS_00001316
TGAACACA
>BC3498full_PBS_00000982
GGAACACA
>BC3498full_PBS_00000844
TGAACACA
>BC3498full_PBS_00000433
TGAACCCA
>BC3498full_PBS_00001502
GATAGCTC
>BC3498full_PBS_00000493
TTGACACC
>BC3498full_PBS_00000896
TGATAACA
>BC3498full_PBS_00000329
ACATGGTT
>BC3498full_PBS_00000080
GAATATAC-TTCTAACG-CCGTTTGC
>BC3498full_PBS_00000009
TCGTTACA-GGCGGGAT-GGCCGAAA-GGCCGCTC-GTTAGGAT-ACATGGGT-CCAAACAC-GGCCGCTC-CCTCAAAC-TCGTTACA-TGATACAC-AAACATTA-TCGTTACA-GATACCTA-ATTCTCAA-ATTCTCAA-GTCTCTTA-ATTCTCAA-ACTTTGCA-GAATATAC-CCTTACGA-ACTTTGCA-GCTCCGAG-ACCTCACC
>BC3498full_PBS_00000523
TCGTTACA
>BC3498full_PBS_00001047
CACAGTGC
>BC3498full_PBS_00000404
GGTAAGAC-GGTAAGAC-GGTAAGAC
>BC3498full_PBS_00000822
TTCTCGGA
>BC3498full_PBS_00000808
TAATATCA
>BC3498full_PBS_00000039
CGGGTCGT
>BC3498full_PBS_00000795
TCTATATC
>BC3498full_PBS_00001411
CGTCAATA
>BC3498full_PBS_00000883
TGGCCGCT
>BC3498full_PBS_00000473
CCTCCTAA
>BC3498full_PBS_00000342
TGAACACT
>BC3498full_PBS_00000487
TGAACACA
>BC3498full_PBS_00000111
GCCTTTAC-GCCTTTAC-GCCTTTAC-GCCTTTAC-GCCTTTAC-CTCTTGCG-CTCTTGCG-TCGAGCCG-GCGTAAGC-TCGAGCCG-TACATGAC-TCGAGCCG-CGGTTCCC-TCGAGCCG-GAGAACTT-GCCTTTAC-GAGTTCGA-GCCTTTAC-TCGAGCCG-GCCTTTAC-CCTGGATC
>BC3498full_PBS_00000049
GCCTTTAC
>BC3498full_PBS_00000602
TGGAGACG
>BC3498full_PBS_00000006
TGAACACA-TACCACGC-GCTATACC-TAACCCAA-TGAACACA-GATTGGTT-TGAACACA-TGAACACA-CCGAGTAT-TATTGATG-ATCTAGGC-TCGTTACA-CCGACCGC-CCGACCGC-TGAACACA-TGAACACA-TTCCGCCC-CCGGATAT-AGCCAGTG-CAATACCA-TGAACACA-TGAACACA-TCACCTAG-AGGGTTGG-TGAACACA-AGAATCGT-CCGACCGC-TCAACACA-TGAACACA-TGAACACA-ATATCCGA-TACCACGC-TATAAAAG-TGAACACA-TGAACACA-CCTACATT-CGGCTACC-GATCCGCC-TGAACACA-TTGAGAAC-CGCACAAG-ACATTCTG-TCGTTACA-TACCACGC-TGAACACA-TGAACACA-TGAACACA-TGAACACA-TGAACACC-AATCGACA-TATAAAAG-TATAAAAG-TGAACACA-TGAACACA-TGAACACA-AGAATCGT-TGAACACA-TGAACACA-TGAACACA-TGAACACA-GGTTTTTC-TGAACACA-GCCTGGGA-CTAACTTT-TGAACACA-TGAACACA-TGAACACA-TGAACACA-TGAACACA-TCTACTTC-GAGACTTT-TGAACACA-TGAACACA-GAACCGAA-GAACCGAA-TGAACACA-CGCATTTT-CGCATTTT-TGAACACA-TGAACACA-TGAACACA-TGAACACA-TGAACACA-TGAACACA-TGAACACA-TGTACACA-TGAACACA-TGAACACA-TGAACACA-CGTTTGCT-TGAACACA-TTCACCCA-TGAACACA-TGAACACG-TGAACACA-TGCTCTAA-TGAACACA-TCACCTAG-GCTAAGGT-TTCCGCCC-TGAACACA-GACAGAGA-TGAACACA-TGAACACA-TGAACACA-AATCAGAA-TTCCGCCC-TGAACACA-TGAACCCA-TAACCCAA-TGAACACA-TGAACACA-GATCCGCC-AATCCGAG-TGAACACA-TGAACACA-TGAACACA-TGAACACA
>BC3498full_PBS_00001463
TGGACACA
>BC3498full_PBS_00000154
TCGTTACA-TCGTTACA
>BC3498full_PBS_00001399
TGAACACA
>BC3498full_PBS_00000609
AAATTATC
>BC3498full_PBS_00000607
TGAACACA
>BC3498full_PBS_00001279
TGAACACA
>BC3498full_PBS_00001464
TGAACGCG
>BC3498full_PBS_00001129
TGAACACA
>BC3498full_PBS_00001384
GGCCGAAA-GGCCGAAA
>BC3498full_PBS_00000309
CTTCGGAG
>BC3498full_PBS_00000871
TACCACGC
>BC3498full_PBS_00001242
TGAACACA
>BC3498full_PBS_00000858
CCGACCGC
>BC3498full_PBS_00001063
TCGTTACA
>BC3498full_PBS_00001162
TGAACACA
>BC3498full_PBS_00001145
AAACTTCA
>BC3498full_PBS_00000352
GCGATTTT
>BC3498full_PBS_00000014
TGAACACA
>BC3498full_PBS_00000428
TGAACACA
>BC3498full_PBS_00000687
TGACCACA
>BC3498full_PBS_00001182
TGAACACA
>BC3498full_PBS_00001373
TGAACACA
>BC3498full_PBS_00001211
TGAACACA
>BC3498full_PBS_00000491
GAGATCCT
>BC3498full_PBS_00000030
GGCGGACC
>BC3498full_PBS_00001086
CCGACCGC
>BC3498full_PBS_00001482
CTTCTTGC
>BC3498full_PBS_00000078
TCACCCAG
>BC3498full_PBS_00000123
GATGGACC
>BC3498full_PBS_00001241
TGAACGCA
>BC3498full_PBS_00001105
TGAACACA
>BC3498full_PBS_00001426
TCCAAAAC
>BC3498full_PBS_00000970
GCCTTTAC
>BC3498full_PBS_00000770
TGAACACA
>BC3498full_PBS_00000213
TGAACACA
>BC3498full_PBS_00000500
CCGACTAT
>BC3498full_PBS_00000074
TGAACACA
>BC3498full_PBS_00001245
TGAACACT
>BC3498full_PBS_00000406
GTCGTAAG
>BC3498full_PBS_00000471
CGCTCCCA
>BC3498full_PBS_00000684
AGGGTGTG
>BC3498full_PBS_00000461
CCCACCCG-CTTCAATT-TGCTACAA-TCGCTAGC-CATACCCT-TCACGTGC
>BC3498full_PBS_00000259
CCCACCCG
>BC3498full_PBS_00001483
AATCCCAA
>BC3498full_PBS_00001481
CTTCTTGC
>BC3498full_PBS_00000772
AATGATTA
>BC3498full_PBS_00000675
TATGGTCA
>BC3498full_PBS_00000476
CTTCAGTC
>BC3498full_PBS_00000318
TCCGATAG
>BC3498full_PBS_00000366
TACTTTCG
>BC3498full_PBS_00000083
CTTTCCTG
>BC3498full_PBS_00000696
TACTCGAC
>BC3498full_PBS_00001374
TACTCGAC
>BC3498full_PBS_00001441
TACTCGAC
>BC3498full_PBS_00001305
CCGGGAGG
>BC3498full_PBS_00001108
GATCCAAA
>BC3498full_PBS_00000780
GTATATGT
>BC3498full_PBS_00001345
GTATATGG
>BC3498full_PBS_00001290
GCATACAA
>BC3498full_PBS_00000721
GCATACAA-GCATACAA
>BC3498full_PBS_00000912
TACGTAAA
>BC3498full_PBS_00000967
GTACGAAT
>BC3498full_PBS_00000731
TGCTCTAA-TGCTCTAA
>BC3498full_PBS_00000444
GTATCGTT
>BC3498full_PBS_00000324
TGAACACA
>BC3498full_PBS_00001247
TGGAAACA
>BC3498full_PBS_00001478
ACCTCACC-ACCTCACC
>BC3498full_PBS_00000031
TTGGAAGC-CTTATACT-CTTATACT
>BC3498full_PBS_00000073
TGGTATAA-GGTTGATC-GCCATACC-TATAAAAG-TGGTATAA-GCCGGACC-GCCGGACC-AAATAAGG-CGTCGACA-TGGTATAA-CCAAAGTG-TATAAAAG-GGTCCTTC-TGGTATAA
>BC3498full_PBS_00000195
AAATAAGG
>BC3498full_PBS_00000100
TGGTATAA-TGGTATAA-CTCCTTAC-GCCATACC-ATTCGACA-GTATCGTT-TATAAAAG-TGGGCAAG-TGGTATAA-ATTTTACA-TCGCAACT-TCCGGTAA-GCGTACAA-AGTCGTGA-TCCCTTTA-CGGCTTAC-CTCCTTAC-TATAAAAG-TATAAAAG
>BC3498full_PBS_00000828
TGGTATAA
>BC3498full_PBS_00000332
TCGCAACT
>BC3498full_PBS_00001397
TCCCTTTA
>BC3498full_PBS_00000592
TCCTCATA
>BC3498full_PBS_00000222
AGAATACA
>BC3498full_PBS_00000694
TGGTATAA-CGTCGACA-CGTCGACA-TATAAAAG
>BC3498full_PBS_00000382
AATCCGAG
>BC3498full_PBS_00000077
AATCCGAG-AATCCGAG-ATCGATAT
>BC3498full_PBS_00001248
AATAAAAT
>BC3498full_PBS_00000526
AATAAAAT-AATAAAAT-AATAAAAT
>BC3498full_PBS_00000927
CTGACCAC-CTGACCAC-CGGTTGGG
>BC3498full_PBS_00001387
TGAACACA
>BC3498full_PBS_00001059
CACTCCGG
>BC3498full_PBS_00001336
CACTCCGG
>BC3498full_PBS_00001115
GTGACAGA
>BC3498full_PBS_00000146
TATTCAAA-TATTCAAA-TATTCAAA-TATTCAAA-TATTCAAA-TATTCAAA
>BC3498full_PBS_00001239
TGCTCTAA
>BC3498full_PBS_00000168
ACCCAGTG-ACCCAGTG-TCGCTGTA-TCGCTGTA-TCGCTGTA-CTCTGGTA-CTCTGTGC
>BC3498full_PBS_00000751
TGAACACA-TGAACACA
>BC3498full_PBS_00001052
TGAACACA
>BC3498full_PBS_00000241
TGATACAC
>BC3498full_PBS_00000043
AATCGACA-ACATCCTC-TGTAAACC-TGTAAACC-TGTAAACC
>BC3498full_PBS_00001421
CTTCCTAT-CTTCCTAT
>BC3498full_PBS_00001127
AATCGACA
>BC3498full_PBS_00000993
CAATTGAC-TTGTGAAC
>BC3498full_PBS_00000054
TTTCGGCA
>BC3498full_PBS_00001337
CACCACAG-CACCACAG
>BC3498full_PBS_00001465
TGAATCCT
>BC3498full_PBS_00001226
GGATACTC
>BC3498full_PBS_00001037
TCCCTTCG
>BC3498full_PBS_00001428
CAGAATTA
>BC3498full_PBS_00000269
GGCCCTGA-TTCACACA-CAGAATTA-TATCAAGA-CTCATAAA-CCCGATCC-TTCACACA-AGTAAATA
>BC3498full_PBS_00000831
GTCCATTA
>BC3498full_PBS_00001275
CGGTGGGG
>BC3498full_PBS_00000270
GGCCCTGA
>BC3498full_PBS_00000961
GAAGCAAA
>BC3498full_PBS_00000856
GCCGTCTA-GCCGTCTA
>BC3498full_PBS_00000676
ATTTTCCG
>BC3498full_PBS_00001370
AACAACAG-AACAACAG
>BC3498full_PBS_00000900
TAAAAGGA
>BC3498full_PBS_00000293
CTTGTGGG-CTTGTGGG
>BC3498full_PBS_00000085
TGTAGACC
>BC3498full_PBS_00000842
ATTTCGCA
>BC3498full_PBS_00000048
CCTACGCT-GCTCATCT
>BC3498full_PBS_00000553
TTTCTATC-TTTCTATC-TTTCTATC-TTTCTATC
>BC3498full_PBS_00001079
ATCTTAAA
>BC3498full_PBS_00000401
TGAACACC
>BC3498full_PBS_00000290
AAGCTTTC
>BC3498full_PBS_00000185
AACCTTTC
>BC3498full_PBS_00001471
GCTCCCCG
>BC3498full_PBS_00000207
TTTCTCCA
>BC3498full_PBS_00000103
TGATAACG
>BC3498full_PBS_00000671
GTAATGGG
>BC3498full_PBS_00000149
TGAACACA
>BC3498full_PBS_00001484
TGAACACA
>BC3498full_PBS_00000492
CTGATACC
>BC3498full_PBS_00001175
ACCCGTAC
>BC3498full_PBS_00000809
TTTTCAAC
>BC3498full_PBS_00000389
ACCCAGTG
>BC3498full_PBS_00000520
AACTATGT
>BC3498full_PBS_00000004
TTTTCCAA
>BC3498full_PBS_00000801
TACCACGC
>BC3498full_PBS_00001293
TGTACACA
>BC3498full_PBS_00000741
TGAACACA
>BC3498full_PBS_00000548
TAAACACC
>BC3498full_PBS_00000374
TAACCACA
>BC3498full_PBS_00001490
CATGTCTG
>BC3498full_PBS_00000394
TGAACACA-TGAACACA
>BC3498full_PBS_00001329
CATACCCT
>BC3498full_PBS_00000297
CGAAAACA
>BC3498full_PBS_00000533
GGCCTACT
>BC3498full_PBS_00000477
ATATCACG
>BC3498full_PBS_00000338
TGAACACA
>BC3498full_PBS_00000209
TTAACACA
>BC3498full_PBS_00000268
GGCCCTGA
>BC3498full_PBS_00000376
TTTCTATC
>BC3498full_PBS_00000698
TCGGTCGA
>BC3498full_PBS_00001429
TTTTCCAA
>BC3498full_PBS_00000131
TGAACACA-AGTAGGGA
>BC3498full_PBS_00001486
GGAACACA
>BC3498full_PBS_00001271
TGGTCGTT
>BC3498full_PBS_00000483
GGATAGGA
>BC3498full_PBS_00000893
GGTAAGAC-GGTAAGAC
>BC3498full_PBS_00000627
TTAACACA
>BC3498full_PBS_00001212
GACGCCCC
>BC3498full_PBS_00000905
CCTTACGA
>BC3498full_PBS_00000495
CAGAATTA
>BC3498full_PBS_00001492
TGAACACA
>BC3498full_PBS_00000514
TGTTTGCT
>BC3498full_PBS_00000690
TGAACCCA
>BC3498full_PBS_00000239
TCTATCAC
>BC3498full_PBS_00001408
TCGTTACA
>BC3498full_PBS_00000427
GTCACCCT
>BC3498full_PBS_00001427
GGGAGGGA
>BC3498full_PBS_00000550
CTGACCAC
>BC3498full_PBS_00000944
TGAACACA
>BC3498full_PBS_00000532
TGAACCCA
>BC3498full_PBS_00000059
CACATCGA
>BC3498full_PBS_00000144
GATTGGTT
>BC3498full_PBS_00001386
CATGGTGT
>BC3498full_PBS_00000124
ATTCGAGA
>BC3498full_PBS_00001186
TGAACACA
>BC3498full_PBS_00000187
TGAACACA
>BC3498full_PBS_00000738
ACGATTTG
>BC3498full_PBS_00000392
TGAACACA
>BC3498full_PBS_00001309
TGAACACA
>BC3498full_PBS_00000811
TATAAAAG-TATAAAAG
>BC3498full_PBS_00001497
GGTTCAAC
>BC3498full_PBS_00000505
GGTTCAAC
>BC3498full_PBS_00000141
GGTTCAAC-GGTTCAAC-GGGTGAAC-GGTTCAAC
>BC3498full_PBS_00001137
GGTTCAAC
>BC3498full_PBS_00000288
GGTTCAAC-GGTTCAAC-GGTTCAAC-GGTTCAAC-GGTTCAAC-GGTTCAAC
>BC3498full_PBS_00001452
GTCTCGTC
>BC3498full_PBS_00001485
GCGCAAAT
>BC3498full_PBS_00000172
CTAGTTTC-CTAGTTTC
>BC3498full_PBS_00000198
GCGCCCTC
>BC3498full_PBS_00000904
AATACCCC
>BC3498full_PBS_00000485
AATACCCC
>BC3498full_PBS_00000986
CAGCGGGC
>BC3498full_PBS_00000152
CAACGAAG
>BC3498full_PBS_00001228
CATTTGTC
