AAAAACGC	1
AAAACAAT	1
AAACAACA	1
AAACACAC	1
AAACCAAG	1
AAACCATA	1
AAACCTCG	1
AAACGGAT	1
AAACTTCA	1
AAACTTCC	1
AAAGAAGC	1
AAAGACTT	14
AAAGCAAT	1
AAAGCCTG	1
AAAGGGAG	1
AAAGGTTC	1
AAATAAGG	3
AAATATCT	1
AAATCCCG	1
AAATTTGT	1
AACAACAG	116
AACAACCG	1
AACACGGG	1
AACCACCC	1
AACCCTAG	1
AACCGCGT	1
AACCGTTT	1
AACCTCCG	1
AACCTTTC	4
AACGGAAC	1
AACGTGTT	1
AACTACAT	1
AACTACGT	2
AACTCCGA	1
AACTGGTG	1
AAGAGACG	1
AAGCGAAT	1
AAGGACAT	93
AAGGGTTC	1
AAGGTGTC	1
AATAAAAT	1
AATACCCC	1
AATACCCT	13
AATCACAC	1
AATCAGGC	1
AATCCAAA	1
AATCCGAG	2
AATCTCCT	1
AATGAACG	1
AATGATTA	1
AATGCCCT	13
AATGGAAG	1
AATGTCGA	1
AATTCTGT	1
ACAAAACC	1
ACAAAATC	1
ACAAATTG	1
ACAACACA	1
ACAAGCTA	1
ACACACAG	37
ACACATTA	1
ACATCCAA	2
ACATCCTT	13
ACATGACA	1
ACCACGGG	1
ACCAGAGG	1
ACCCAGCA	1
ACCCAGTG	3
ACCCCGTC	1
ACCCGCTA	1
ACCCGTCG	14
ACCCTACG	1
ACCCTATC	14
ACCCTTAG	1
ACCTAGTC	1
ACGCGCTA	1
ACGGACAA	2
ACGGCAAA	1
ACGTCTTG	1
ACTAAGTT	1
ACTACCAG	1
ACTACGTT	1
ACTATTAC	1
ACTCCTCC	1
ACTCGCCA	1
ACTCGCCC	1
ACTCTCTT	1
ACTGCTCA	1
ACTTCTAA	1
ACTTGACA	1
ACTTTCCG	1
ACTTTGCA	2
AGAATAAC	1
AGAATATA	1
AGACATAA	1
AGACTAAC	1
AGACTTCC	1
AGACTTTT	1
AGAGGAAC	1
AGATCCAA	1
AGATTTAT	1
AGCAAACA	3
AGCAAACT	4
AGCAGCGC	1
AGCAGTTG	1
AGCCCAAC	1
AGCCCTCT	1
AGCCTAGA	2
AGCCTTAC	1
AGCGAAAG	2
AGCGCTTT	1
AGCGGGTT	1
AGGAGCCA	1
AGGCTAAC	1
AGGGCGAT	2
AGGGCGTT	1
AGGTTTGG	120
AGTAAATA	1
AGTAGGGA	1
AGTATCTG	1
AGTATTAT	1
AGTGGCGC	1
ATAAACAC	1
ATAACCCG	1
ATAATGAC	2
ATACAGGT	3
ATACCCAA	1
ATACCTCT	1
ATACGTCC	1
ATAGCCGG	1
ATATCACG	1
ATATGAGT	1
ATATTCTA	1
ATATTTCC	1
ATATTTTA	1
ATCATTAG	13
ATCCCGTA	1
ATCCTTTT	1
ATCTAACG	1
ATCTAGGC	1
ATCTTTAT	1
ATGATATA	14
ATGATCTA	1
ATTCAACT	1
ATTCATTG	3
ATTCCCTA	1
ATTGACTT	1
ATTGCACA	1
ATTGCTGC	1
ATTTCGTT	1
CAAACGAT	1
CAACAAGT	1
CAACACCG	1
CAACTATA	1
CAACTCAC	1
CAACTCGT	1
CAAGCTGT	1
CAAGGATG	14
CAATAACA	15
CAATACCA	16
CAATCCCC	1
CAATCCTC	1
CAATGATC	1
CAATGCTA	1
CACAGTGC	4
CACATCCT	1
CACATGCT	1
CACCACAG	13
CACCCAGT	2
CACCCTTC	1
CACCTCGA	58
CACGAACG	1
CACGCCCT	1
CACGCCGA	2
CACTACGG	1
CACTCCGG	1
CACTGAAC	2
CACTTTCG	1
CAGAAAGA	1
CAGAGCCG	1
CAGAGTAT	14
CAGCAAGG	15
CAGCGGGC	51
CAGCGTAT	1
CAGGTTTG	1
CAGTGGGG	1
CATAAAGT	1
CATACATT	9
CATACGGT	1
CATAGACT	1
CATCATCA	1
CATCATCC	2
CATCCGAG	1
CATCTCAT	14
CATCTCCT	1
CATGACTC	1
CATGTCTG	1
CATTCAAC	1
CATTCTTT	16
CCAAAAAC	1
CCAACCGA	1
CCAACGTC	1
CCAAGACG	36
CCAAGATT	14
CCAATCTC	2
CCACAGGT	1
CCACCAGA	1
CCACCTAC	1
CCACGAGA	1
CCACGCGA	2
CCACTATC	1
CCACTGAT	1
CCAGCCAA	1
CCAGGTAG	1
CCAGTATC	1
CCAGTGGA	1
CCATAACC	1
CCATCTGA	1
CCATGAAT	1
CCATGATA	1
CCATTAGT	1
CCCAAACC	15
CCCAATCT	1
CCCACAGG	1
CCCACTTC	4
CCCCTACT	1
CCCGACAT	1
CCCTCGTT	1
CCCTTACG	1
CCCTTGTT	1
CCGAACTA	1
CCGAATTG	1
CCGACCGA	1
CCGAGCAT	1
CCGAGTAT	2
CCGATATA	1
CCGCTCAT	14
CCGGCCAC	1
CCGGCGTT	1
CCGGGAGG	1
CCGGTCCT	1
CCGGTCGT	1
CCGTCAGC	1
CCGTGAGC	1
CCGTGCAA	1
CCGTTCAC	1
CCGTTCTG	1
CCGTTTGC	1
CCTACATA	1
CCTACCAA	1
CCTACCCC	1
CCTACGCT	1
CCTAGCAG	1
CCTCATCA	1
CCTCCGTA	1
CCTCCGTG	1
CCTCCTAA	1
CCTCGCTT	1
CCTCGTTA	1
CCTCTCCT	1
CCTCTCGA	1
CCTGCTAC	1
CCTGTCCG	1
CCTGTCTT	1
CCTGTTGA	1
CCTTACGA	14
CCTTAGAC	4
CCTTCCCT	1
CCTTTTTA	14
CGAAATGA	4
CGAAGCCT	1
CGAATAGA	1
CGAATGAC	1
CGACCGCT	2
CGAGCTAC	1
CGAGCTGC	1
CGATACCG	1
CGATTCTG	1
CGCAAAGT	1
CGCAAATA	1
CGCACCCG	14
CGCCAACA	1
CGCCCAAA	15
CGCCCAGT	1
CGCCCCAA	1
CGCCCCAG	1
CGCCCTTA	1
CGCGAGTG	1
CGCGATCT	1
CGCGGCAT	1
CGCTAAGA	1
CGCTACAA	1
CGCTACAC	1
CGGAATTC	1
CGGACCGC	1
CGGACCTT	9
CGGAGTGT	1
CGGATCTT	1
CGGATTTC	1
CGGCTACC	1
CGGGCCCC	1
CGGTGGCC	1
CGGTGGTT	1
CGTACCTT	9
CGTATCCC	1
CGTCTCGG	6
CGTCTTCC	1
CGTGACTT	2
CGTGCCCA	2
CGTTACAA	1
CGTTACAC	1
CGTTACGT	2
CGTTGTTC	1
CGTTTACC	1
CGTTTTGC	1
CTAAACCT	1
CTAACACG	1
CTAACAGA	1
CTAACATT	1
CTAACCAT	29
CTAACCTG	1
CTAACCTT	1
CTAAGCCG	1
CTAATATC	2
CTAATCCT	2
CTAATGCA	1
CTACATGA	1
CTAGGCTC	1
CTAGTGTA	1
CTATAAGG	1
CTATCCAG	1
CTATCTTG	1
CTCAAAGA	1
CTCACGCG	1
CTCAGCAG	1
CTCCCCAA	1
CTCCTCTC	1
CTCCTTCA	1
CTCGGTCG	2
CTCGTGAG	1
CTCTCACG	1
CTCTCGAC	1
CTCTCGAT	1
CTCTTCTC	1
CTCTTTCA	1
CTGAATCT	1
CTGATCCT	1
CTGATGAG	13
CTGCAGAA	1
CTGCCCAG	1
CTGCCGTC	1
CTGGGCTC	1
CTGTAACA	1
CTGTATAG	1
CTGTCCGG	1
CTGTGAAG	1
CTGTGTGA	1
CTTATACT	1
CTTCACAC	1
CTTCAGTC	1
CTTCCTGG	1
CTTCCTTT	1
CTTCGGAG	1
CTTCTCTA	1
CTTCTTGC	1
CTTGATAG	4
CTTGTCGC	1
CTTGTGCG	4
CTTTACAG	1
CTTTACTT	1
CTTTATAT	1
CTTTGCCC	1
CTTTTTAT	88
GAAAATGC	1
GAAACTCC	13
GAAATGTA	1
GAAATTCC	2
GAACACTT	1
GAAGTTTG	1
GAATCATC	1
GAATCCAA	1
GAATGCGT	1
GAATTTTT	1
GACAACGG	1
GACAAGTC	1
GACACCCG	1
GACCAACG	1
GACCACTT	1
GACGATCT	1
GACGCCCC	1
GACTAAGG	2
GACTACAG	1
GACTACGG	1
GACTAGGG	1
GACTATGG	1
GACTCCCA	1
GACTCGCT	1
GAGAAACC	1
GAGAAACG	1
GAGACTGT	1
GAGATCAC	3
GAGCAGAT	1
GAGGGGCG	1
GATACAGG	1
GATACGGG	1
GATCCGCC	1
GATCCTAA	14
GATCCTTC	1
GATCGGAT	1
GATGTACC	1
GATTACGG	1
GATTCCCA	13
GATTCGGC	1
GATTCTGA	1
GATTGGTT	1
GATTTCGA	1
GATTTTCA	1
GCAAATTC	1
GCAACACT	1
GCACACGC	18
GCACAGCC	1
GCACATCC	1
GCACGACT	14
GCACGCGT	1
GCAGCTAC	1
GCAGTGTT	2
GCATCCAA	1
GCCAACCC	1
GCCATACC	1
GCCGGGCA	1
GCCGTCTA	1
GCCTGAGG	1
GCGACACA	1
GCGACCAT	1
GCGCCGCT	1
GCGCGCAA	1
GCGTACCT	1
GCGTTCCC	1
GCTAAGGT	1
GCTAGTGG	1
GCTATAAC	1
GCTATACC	1
GCTATGTA	1
GCTCAAGG	1
GCTCATAC	1
GCTCCTTA	1
GCTCGGAG	1
GCTCGGGG	1
GCTCTGAA	1
GCTCTGAT	1
GCTTGAGT	1
GCTTTGAA	1
GGAAGACT	1
GGAATCTG	1
GGATACGG	1
GGCCCTCG	1
GGCCCTGA	1
GGCCGCTC	1
GGCCGGCG	1
GGCGAAGC	1
GGCGACTT	1
GGCGGAAA	2
GGCTATGC	2
GGGAATAG	1
GGGACCGT	1
GGGATGCA	1
GGGCCGTT	1
GGGGAAAG	1
GGGTATGC	1
GGGTTGCA	1
GGTAAATA	1
GGTAAGAC	1
GGTACACT	1
GGTATTAG	1
GGTCACAG	1
GGTCCACG	1
GGTCTGAC	1
GGTGGTAC	1
GGTGTTAC	1
GGTTCAAC	85
GGTTCGGC	1
GGTTGAGA	1
GTAATCTG	1
GTACTCAA	1
GTAGAAGC	1
GTAGATTC	1
GTAGTGAA	1
GTATATGT	1
GTCATAGT	1
GTCCACAC	1
GTCCCTGA	1
GTCGAAGC	1
GTCTACGG	1
GTCTCTCT	1
GTCTCTTA	2
GTCTGGTT	14
GTGATTGA	1
GTGGCCCA	14
GTGTGTCA	1
GTGTTACA	1
GTGTTTCA	1
GTTACCGC	1
GTTACGCG	1
GTTACGTG	2
GTTAGAGA	1
GTTAGCGA	1
GTTAGGTT	1
GTTATACC	1
GTTCCCAG	1
GTTCCCCT	1
GTTCTGAC	2
GTTGGACC	1
GTTTGACA	1
GTTTTACC	1
TAAAAAGA	1
TAAAGGAC	1
TAACAGAA	1
TAACCTAA	110
TAACCTAC	1
TAACGCAG	1
TAACGCCC	4
TAACTACT	1
TAAGGAAA	2
TAAGGGCC	1
TAATAAAC	1
TAATACAC	1
TAATGTAG	1
TAATTCTC	115
TACAACAG	117
TACATACT	1
TACATCAA	4
TACATGAC	1
TACCACAG	2
TACCACGC	1
TACCGAAT	1
TACGTAAA	2
TACGTACC	1
TACGTACT	1
TACGTAGA	1
TACTCACT	1
TACTCATT	1
TACTCGAC	1
TACTTCCC	1
TACTTCTT	1
TACTTTCG	1
TAGACCCC	1
TAGGTAGG	1
TAGTACAC	1
TAGTACCC	1
TAGTCTTC	1
TAGTTACT	1
TATACAAA	1
TATACTAC	1
TATAGCCA	1
TATAGCGA	1
TATAGGCC	1
TATATAAC	1
TATATATC	1
TATCCAAT	1
TATCCCTC	1
TATCCGAG	1
TATCTCTC	1
TATCTGAT	1
TATGGACG	1
TATGGAGA	1
TATGGGAC	1
TATTATCA	1
TATTCAAA	1
TATTGTGT	1
TCAAAGTA	1
TCAATCAC	1
TCAATCCG	1
TCACCAGG	1
TCACCTAG	1
TCACGCTT	1
TCACGGGA	1
TCACGTGC	1
TCACTGCT	1
TCAGGCAT	1
TCATACGA	1
TCCAATTT	1
TCCACAAG	3
TCCACCTT	1
TCCAGTCT	1
TCCCGGGC	1
TCCGCAAC	1
TCCGGGCC	1
TCCGGTAA	1
TCCTAGTA	1
TCCTCACT	1
TCCTCATA	3
TCCTCCCT	1
TCGAACTC	1
TCGACAGA	1
TCGAGCCG	1
TCGCTGTA	1
TCGGAGAT	1
TCGGCTGA	1
TCGGTGCG	1
TCGTTACA	131
TCTACCCC	2
TCTACTAG	1
TCTAGTGA	1
TCTCCTCC	1
TCTCGAGT	2
TCTCGTCC	1
TCTCTAAC	1
TCTCTTGG	1
TCTGCCAG	4
TCTTATCT	1
TCTTCCTC	1
TCTTCTCT	2
TGAACACA	1
TGAATAGT	1
TGACCCCT	4
TGACGTCG	1
TGACTCTC	1
TGAGAACA	1
TGAGAATC	1
TGAGCTGG	1
TGATACTA	1
TGATGCAA	1
TGCACCGA	1
TGCACTAC	24
TGCAGAGG	1
TGCATAAA	1
TGCCACCG	1
TGCCAGTT	1
TGCCATGT	1
TGCCATTT	1
TGCCCCAA	1
TGCCGTCC	1
TGCCTAAG	1
TGCCTCAG	1
TGCTCCAT	1
TGCTCTCA	1
TGCTGACG	1
TGGAAAAC	1
TGGAAACG	1
TGGATACA	1
TGGCATAA	1
TGGCTATC	1
TGGCTTAT	1
TGGGACAG	1
TGGGGGCC	1
TGGTGACG	1
TGTAAAAA	1
TGTAAACC	2
TGTACCCC	1
TGTAGAAC	4
TGTAGTAT	1
TGTATAGT	1
TGTATCAA	1
TGTCCGGA	1
TGTCCTGG	1
TGTCCTTA	1
TGTCTGGT	14
TGTCTTTA	1
TGTTACTT	4
TGTTATAT	1
TGTTCCGT	15
TGTTCGCG	1
TTAACAGG	1
TTACAATG	1
TTACACTG	13
TTACAGGC	1
TTACATAA	1
TTAGGCAC	1
TTAGGCCA	1
TTATACTG	1
TTATAGCA	1
TTATAGTG	1
TTATATTT	1
TTCAATCT	1
TTCACTCT	1
TTCCCCAA	1
TTCCGTAG	1
TTCCTGGC	1
TTCGTAGC	1
TTCGTGCT	1
TTCTATAG	2
TTCTCGAG	1
TTCTCGGA	1
TTCTCGGG	1
TTCTGACT	14
TTCTTCGA	1
TTCTTCTA	1
TTCTTTCT	1
TTGAATAC	1
TTGATTGA	1
TTGCAAAT	1
TTGCCAGT	1
TTGCCCTA	14
TTGCCCTC	1
TTGCGCTA	1
TTGGGCGC	1
TTGGGGGA	1
TTGTCGTA	1
TTGTTATC	1
TTGTTTCC	1
TTTAACCC	2
TTTACGTC	1
TTTACTGG	1
TTTCAGCC	1
TTTCTATC	1
TTTGAAGA	1
TTTGACAC	1
TTTTCCAA	1
TTTTTTCC	1
