Id	chr	position	strand	dupl
SSP_chr2_2426337_+	chr2	2426337	+	1
SSP_chr2_4437847_+	chr2	4437847	+	1
