Id	chr	position	strand	independent_events	duplicate_reads
SSP_chr1_20171_+	chr1	20171	+	na	1
SSP_chr1_28535_-	chr1	28535	-	na	1
SSP_chr1_32920_+	chr1	32920	+	na	1
SSP_chr1_33288_-	chr1	33288	-	na	1
SSP_chr1_34164_+	chr1	34164	+	na	1
SSP_chr1_35215_-	chr1	35215	-	na	1
SSP_chr1_35249_+	chr1	35249	+	na	1
SSP_chr1_35338_-	chr1	35338	-	na	1
SSP_chr1_35350_+	chr1	35350	+	na	1
SSP_chr1_39046_-	chr1	39046	-	na	1
SSP_chr1_39107_+	chr1	39107	+	na	3
SSP_chr1_39107_-	chr1	39107	-	na	5
SSP_chr1_39117_-	chr1	39117	-	na	1
SSP_chr1_41509_+	chr1	41509	+	na	1
SSP_chr1_43962_+	chr1	43962	+	na	1
SSP_chr1_44031_+	chr1	44031	+	na	1
SSP_chr1_54801_+	chr1	54801	+	na	1
SSP_chr1_98755_+	chr1	98755	+	na	1
SSP_chr1_397070_-	chr1	397070	-	na	3
SSP_chr1_397080_-	chr1	397080	-	na	1
SSP_chr1_397125_+	chr1	397125	+	na	1
SSP_chr1_402721_+	chr1	402721	+	na	1
SSP_chr1_402731_+	chr1	402731	+	na	3
SSP_chr1_1004891_+	chr1	1004891	+	na	1
SSP_chr1_1004892_+	chr1	1004892	+	na	1
SSP_chr1_1005143_-	chr1	1005143	-	na	1
SSP_chr1_1118739_+	chr1	1118739	+	na	3
SSP_chr1_1142859_-	chr1	1142859	-	na	1
SSP_chr1_1265856_-	chr1	1265856	-	na	3
SSP_chr1_1265866_-	chr1	1265866	-	na	1
SSP_chr1_1265911_+	chr1	1265911	+	na	1
SSP_chr1_1465574_-	chr1	1465574	-	na	1
SSP_chr1_1465629_+	chr1	1465629	+	na	3
SSP_chr1_1465659_+	chr1	1465659	+	na	1
SSP_chr1_1465833_-	chr1	1465833	-	na	1
SSP_chr1_1465863_+	chr1	1465863	+	na	1
SSP_chr1_1466916_+	chr1	1466916	+	na	1
SSP_chr1_1467068_+	chr1	1467068	+	na	1
SSP_chr1_1467237_-	chr1	1467237	-	na	1
SSP_chr1_1467280_-	chr1	1467280	-	na	2
SSP_chr1_1467286_-	chr1	1467286	-	na	1
SSP_chr1_1467312_-	chr1	1467312	-	na	1
SSP_chr1_1467608_-	chr1	1467608	-	na	1
SSP_chr1_1467692_-	chr1	1467692	-	na	1
SSP_chr1_1467946_-	chr1	1467946	-	na	1
SSP_chr1_1468107_+	chr1	1468107	+	na	1
SSP_chr1_1468108_-	chr1	1468108	-	na	1
SSP_chr1_1468164_-	chr1	1468164	-	na	1
SSP_chr1_1468222_-	chr1	1468222	-	na	1
SSP_chr1_1468234_-	chr1	1468234	-	na	1
SSP_chr1_1468300_+	chr1	1468300	+	na	1
SSP_chr1_1468333_-	chr1	1468333	-	na	1
SSP_chr1_1468469_-	chr1	1468469	-	na	1
SSP_chr1_1468558_+	chr1	1468558	+	na	1
SSP_chr1_1468563_-	chr1	1468563	-	na	1
SSP_chr1_1468652_-	chr1	1468652	-	na	1
SSP_chr1_1468654_-	chr1	1468654	-	na	1
SSP_chr1_1469079_+	chr1	1469079	+	na	1
SSP_chr1_1469382_-	chr1	1469382	-	na	1
SSP_chr1_1469385_-	chr1	1469385	-	na	1
SSP_chr1_1469411_-	chr1	1469411	-	na	1
SSP_chr1_1469413_-	chr1	1469413	-	na	1
SSP_chr1_1469438_-	chr1	1469438	-	na	1
SSP_chr1_1469455_-	chr1	1469455	-	na	1
SSP_chr1_1469756_-	chr1	1469756	-	na	1
SSP_chr1_1469881_-	chr1	1469881	-	na	1
SSP_chr1_1469896_+	chr1	1469896	+	na	1
SSP_chr1_1469896_-	chr1	1469896	-	na	1
SSP_chr1_1469900_-	chr1	1469900	-	na	2
SSP_chr1_1470141_-	chr1	1470141	-	na	1
SSP_chr1_1470186_+	chr1	1470186	+	na	1
SSP_chr1_1470196_+	chr1	1470196	+	na	3
SSP_chr1_1563864_-	chr1	1563864	-	na	3
SSP_chr1_1563874_-	chr1	1563874	-	na	1
SSP_chr1_1563919_+	chr1	1563919	+	na	1
SSP_chr1_1564179_+	chr1	1564179	+	na	1
SSP_chr1_1564304_+	chr1	1564304	+	na	1
SSP_chr1_1564605_+	chr1	1564605	+	na	1
SSP_chr1_1564622_+	chr1	1564622	+	na	1
SSP_chr1_1564647_+	chr1	1564647	+	na	1
SSP_chr1_1564649_+	chr1	1564649	+	na	1
SSP_chr1_1564675_+	chr1	1564675	+	na	1
SSP_chr1_1564678_+	chr1	1564678	+	na	1
SSP_chr1_1564981_-	chr1	1564981	-	na	1
SSP_chr1_1565406_+	chr1	1565406	+	na	1
SSP_chr1_1565408_+	chr1	1565408	+	na	1
SSP_chr1_1565497_+	chr1	1565497	+	na	1
SSP_chr1_1565502_-	chr1	1565502	-	na	1
SSP_chr1_1565591_+	chr1	1565591	+	na	1
SSP_chr1_1565727_+	chr1	1565727	+	na	1
SSP_chr1_1565760_-	chr1	1565760	-	na	1
SSP_chr1_1565826_+	chr1	1565826	+	na	1
SSP_chr1_1565838_+	chr1	1565838	+	na	1
SSP_chr1_1565896_+	chr1	1565896	+	na	1
SSP_chr1_1565952_+	chr1	1565952	+	na	1
SSP_chr1_1565953_-	chr1	1565953	-	na	1
SSP_chr1_1566114_+	chr1	1566114	+	na	1
SSP_chr1_1566368_+	chr1	1566368	+	na	1
SSP_chr1_1566452_+	chr1	1566452	+	na	1
SSP_chr1_1566748_+	chr1	1566748	+	na	1
SSP_chr1_1566774_+	chr1	1566774	+	na	1
SSP_chr1_1566780_+	chr1	1566780	+	na	2
SSP_chr1_1566823_+	chr1	1566823	+	na	1
SSP_chr1_1566992_-	chr1	1566992	-	na	1
SSP_chr1_1567144_-	chr1	1567144	-	na	1
SSP_chr1_1568197_-	chr1	1568197	-	na	1
SSP_chr1_1568227_+	chr1	1568227	+	na	1
SSP_chr1_1568401_-	chr1	1568401	-	na	1
SSP_chr1_1568431_-	chr1	1568431	-	na	3
SSP_chr1_1568441_-	chr1	1568441	-	na	1
SSP_chr1_1568486_+	chr1	1568486	+	na	1
SSP_chr1_2012240_-	chr1	2012240	-	na	1
SSP_chr1_2012285_+	chr1	2012285	+	na	1
SSP_chr1_2012295_+	chr1	2012295	+	na	3
SSP_chr1_2012348_-	chr1	2012348	-	na	1
SSP_chr1_2437747_+	chr1	2437747	+	na	1
SSP_chr1_2437831_-	chr1	2437831	-	na	1
SSP_chr1_2437876_+	chr1	2437876	+	na	1
SSP_chr1_2437886_+	chr1	2437886	+	na	3
SSP_chr1_2474282_-	chr1	2474282	-	na	3
SSP_chr1_2474292_-	chr1	2474292	-	na	1
SSP_chr1_2474337_+	chr1	2474337	+	na	1
SSP_chr1_2474579_-	chr1	2474579	-	na	1
SSP_chr1_2693933_-	chr1	2693933	-	na	3
SSP_chr1_2693943_-	chr1	2693943	-	na	1
SSP_chr1_2693988_+	chr1	2693988	+	na	1
SSP_chr1_2854299_-	chr1	2854299	-	na	1
SSP_chr1_2854344_+	chr1	2854344	+	na	1
SSP_chr1_2854354_+	chr1	2854354	+	na	3
SSP_chr1_2926852_-	chr1	2926852	-	na	3
SSP_chr1_2926862_-	chr1	2926862	-	na	1
SSP_chr1_2926907_+	chr1	2926907	+	na	1
SSP_chr1_2927148_+	chr1	2927148	+	na	2
SSP_chr1_2927152_+	chr1	2927152	+	na	1
SSP_chr1_2927152_-	chr1	2927152	-	na	1
SSP_chr1_2927167_+	chr1	2927167	+	na	1
SSP_chr1_2927292_+	chr1	2927292	+	na	1
SSP_chr1_2927593_+	chr1	2927593	+	na	1
SSP_chr1_2927610_+	chr1	2927610	+	na	1
SSP_chr1_2927635_+	chr1	2927635	+	na	1
SSP_chr1_2927637_+	chr1	2927637	+	na	1
SSP_chr1_2927663_+	chr1	2927663	+	na	1
SSP_chr1_2927666_+	chr1	2927666	+	na	1
SSP_chr1_2927969_-	chr1	2927969	-	na	1
SSP_chr1_2928394_+	chr1	2928394	+	na	1
SSP_chr1_2928396_+	chr1	2928396	+	na	1
SSP_chr1_2928485_+	chr1	2928485	+	na	1
SSP_chr1_2928490_-	chr1	2928490	-	na	1
SSP_chr1_2928579_+	chr1	2928579	+	na	1
SSP_chr1_2928715_+	chr1	2928715	+	na	1
SSP_chr1_2928748_-	chr1	2928748	-	na	1
SSP_chr1_2928814_+	chr1	2928814	+	na	1
SSP_chr1_2928826_+	chr1	2928826	+	na	1
SSP_chr1_2928884_+	chr1	2928884	+	na	1
SSP_chr1_2928940_+	chr1	2928940	+	na	1
SSP_chr1_2928941_-	chr1	2928941	-	na	1
SSP_chr1_2929102_+	chr1	2929102	+	na	1
SSP_chr1_2929356_+	chr1	2929356	+	na	1
SSP_chr1_2929440_+	chr1	2929440	+	na	1
SSP_chr1_2929736_+	chr1	2929736	+	na	1
SSP_chr1_2929762_+	chr1	2929762	+	na	1
SSP_chr1_2929768_+	chr1	2929768	+	na	2
SSP_chr1_2929811_+	chr1	2929811	+	na	1
SSP_chr1_2929980_-	chr1	2929980	-	na	1
SSP_chr1_2930132_-	chr1	2930132	-	na	1
SSP_chr1_2931185_-	chr1	2931185	-	na	1
SSP_chr1_2931389_-	chr1	2931389	-	na	1
SSP_chr1_2931419_-	chr1	2931419	-	na	3
SSP_chr1_2931429_-	chr1	2931429	-	na	1
SSP_chr1_2931474_+	chr1	2931474	+	na	1
SSP_chr1_2939785_+	chr1	2939785	+	na	1
SSP_chr1_2939869_+	chr1	2939869	+	na	1
SSP_chr1_2940308_+	chr1	2940308	+	na	1
SSP_chr1_2940334_+	chr1	2940334	+	na	1
SSP_chr1_2940340_+	chr1	2940340	+	na	2
SSP_chr1_2940383_+	chr1	2940383	+	na	1
SSP_chr1_2940552_-	chr1	2940552	-	na	1
SSP_chr1_2941757_-	chr1	2941757	-	na	1
SSP_chr1_2941787_+	chr1	2941787	+	na	1
SSP_chr1_2941961_-	chr1	2941961	-	na	1
SSP_chr1_2941991_-	chr1	2941991	-	na	3
SSP_chr1_2942001_-	chr1	2942001	-	na	1
SSP_chr1_2942046_+	chr1	2942046	+	na	1
SSP_chr1_3043477_-	chr1	3043477	-	na	3
SSP_chr1_3043487_-	chr1	3043487	-	na	1
SSP_chr1_3043532_+	chr1	3043532	+	na	1
SSP_chr1_3043616_-	chr1	3043616	-	na	1
SSP_chr1_3190954_+	chr1	3190954	+	na	1
SSP_chr1_3191121_+	chr1	3191121	+	na	1
SSP_chr1_3191205_-	chr1	3191205	-	na	1
SSP_chr1_3191250_+	chr1	3191250	+	na	1
SSP_chr1_3191260_+	chr1	3191260	+	na	3
SSP_chr1_3321633_+	chr1	3321633	+	na	1
SSP_chr1_3321717_-	chr1	3321717	-	na	1
SSP_chr1_3361195_-	chr1	3361195	-	na	3
SSP_chr1_3361205_-	chr1	3361205	-	na	1
SSP_chr1_3361250_+	chr1	3361250	+	na	1
SSP_chr1_3361491_+	chr1	3361491	+	na	2
SSP_chr1_3361495_+	chr1	3361495	+	na	1
SSP_chr1_3361495_-	chr1	3361495	-	na	1
SSP_chr1_3361510_+	chr1	3361510	+	na	1
SSP_chr1_3361635_+	chr1	3361635	+	na	1
SSP_chr1_3361936_+	chr1	3361936	+	na	1
SSP_chr1_3361953_+	chr1	3361953	+	na	1
SSP_chr1_3361978_+	chr1	3361978	+	na	1
SSP_chr1_3361980_+	chr1	3361980	+	na	1
SSP_chr1_3362006_+	chr1	3362006	+	na	1
SSP_chr1_3362009_+	chr1	3362009	+	na	1
SSP_chr1_3362312_-	chr1	3362312	-	na	1
SSP_chr1_3362737_+	chr1	3362737	+	na	1
SSP_chr1_3362739_+	chr1	3362739	+	na	1
SSP_chr1_3362828_+	chr1	3362828	+	na	1
SSP_chr1_3362833_-	chr1	3362833	-	na	1
SSP_chr1_3362922_+	chr1	3362922	+	na	1
SSP_chr1_3363058_+	chr1	3363058	+	na	1
SSP_chr1_3363091_-	chr1	3363091	-	na	1
SSP_chr1_3363157_+	chr1	3363157	+	na	1
SSP_chr1_3363169_+	chr1	3363169	+	na	1
SSP_chr1_3363227_+	chr1	3363227	+	na	1
SSP_chr1_3363283_+	chr1	3363283	+	na	1
SSP_chr1_3363284_-	chr1	3363284	-	na	1
SSP_chr1_3363445_+	chr1	3363445	+	na	1
SSP_chr1_3363699_+	chr1	3363699	+	na	1
SSP_chr1_3363783_+	chr1	3363783	+	na	1
SSP_chr1_3364079_+	chr1	3364079	+	na	1
SSP_chr1_3364105_+	chr1	3364105	+	na	1
SSP_chr1_3364111_+	chr1	3364111	+	na	2
SSP_chr1_3364154_+	chr1	3364154	+	na	1
SSP_chr1_3364323_-	chr1	3364323	-	na	1
SSP_chr1_3364475_-	chr1	3364475	-	na	1
SSP_chr1_3365528_-	chr1	3365528	-	na	1
SSP_chr1_3365558_+	chr1	3365558	+	na	1
SSP_chr1_3365731_-	chr1	3365731	-	na	1
SSP_chr1_3365761_-	chr1	3365761	-	na	3
SSP_chr1_3365771_-	chr1	3365771	-	na	1
SSP_chr1_3365816_+	chr1	3365816	+	na	1
SSP_chr1_3366061_-	chr1	3366061	-	na	1
SSP_chr1_3812420_-	chr1	3812420	-	na	1
SSP_chr1_3843243_-	chr1	3843243	-	na	1
SSP_chr1_3996071_-	chr1	3996071	-	na	3
SSP_chr1_3996081_-	chr1	3996081	-	na	1
SSP_chr1_3996126_+	chr1	3996126	+	na	1
SSP_chr1_3996367_+	chr1	3996367	+	na	2
SSP_chr1_3996371_+	chr1	3996371	+	na	1
SSP_chr1_3996371_-	chr1	3996371	-	na	1
SSP_chr1_3996386_+	chr1	3996386	+	na	1
SSP_chr1_3996511_+	chr1	3996511	+	na	1
SSP_chr1_3996812_+	chr1	3996812	+	na	1
SSP_chr1_3996829_+	chr1	3996829	+	na	1
SSP_chr1_3996854_+	chr1	3996854	+	na	1
SSP_chr1_3996856_+	chr1	3996856	+	na	1
SSP_chr1_3996882_+	chr1	3996882	+	na	1
SSP_chr1_3996885_+	chr1	3996885	+	na	1
SSP_chr1_3997188_-	chr1	3997188	-	na	1
SSP_chr1_3997613_+	chr1	3997613	+	na	1
SSP_chr1_3997615_+	chr1	3997615	+	na	1
SSP_chr1_3997704_+	chr1	3997704	+	na	1
SSP_chr1_3997709_-	chr1	3997709	-	na	1
SSP_chr1_3997798_+	chr1	3997798	+	na	1
SSP_chr1_3997934_+	chr1	3997934	+	na	1
SSP_chr1_3997967_-	chr1	3997967	-	na	1
SSP_chr1_3998033_+	chr1	3998033	+	na	1
SSP_chr1_3998045_+	chr1	3998045	+	na	1
SSP_chr1_3998103_+	chr1	3998103	+	na	1
SSP_chr1_3998159_+	chr1	3998159	+	na	1
SSP_chr1_3998160_-	chr1	3998160	-	na	1
SSP_chr1_3998321_+	chr1	3998321	+	na	1
SSP_chr1_3998575_+	chr1	3998575	+	na	1
SSP_chr1_3998659_+	chr1	3998659	+	na	1
SSP_chr1_3998955_+	chr1	3998955	+	na	1
SSP_chr1_3998981_+	chr1	3998981	+	na	1
SSP_chr1_3998987_+	chr1	3998987	+	na	2
SSP_chr1_3999030_+	chr1	3999030	+	na	1
SSP_chr1_3999199_-	chr1	3999199	-	na	1
SSP_chr1_3999351_-	chr1	3999351	-	na	1
SSP_chr1_4000404_-	chr1	4000404	-	na	1
SSP_chr1_4000608_-	chr1	4000608	-	na	1
SSP_chr1_4000638_-	chr1	4000638	-	na	3
SSP_chr1_4000648_-	chr1	4000648	-	na	1
SSP_chr1_4000693_+	chr1	4000693	+	na	1
SSP_chr1_4000938_-	chr1	4000938	-	na	1
SSP_chr1_4022219_-	chr1	4022219	-	na	1
SSP_chr1_4022264_+	chr1	4022264	+	na	1
SSP_chr1_4022274_+	chr1	4022274	+	na	3
SSP_chr1_4022304_+	chr1	4022304	+	na	1
SSP_chr1_4022508_+	chr1	4022508	+	na	1
SSP_chr1_4023561_+	chr1	4023561	+	na	1
SSP_chr1_4023713_+	chr1	4023713	+	na	1
SSP_chr1_4023882_-	chr1	4023882	-	na	1
SSP_chr1_4023925_-	chr1	4023925	-	na	2
SSP_chr1_4023931_-	chr1	4023931	-	na	1
SSP_chr1_4023957_-	chr1	4023957	-	na	1
SSP_chr1_4024253_-	chr1	4024253	-	na	1
SSP_chr1_4024337_-	chr1	4024337	-	na	1
SSP_chr1_4024591_-	chr1	4024591	-	na	1
SSP_chr1_4024752_+	chr1	4024752	+	na	1
SSP_chr1_4024753_-	chr1	4024753	-	na	1
SSP_chr1_4024809_-	chr1	4024809	-	na	1
SSP_chr1_4024867_-	chr1	4024867	-	na	1
SSP_chr1_4024879_-	chr1	4024879	-	na	1
SSP_chr1_4024945_+	chr1	4024945	+	na	1
SSP_chr1_4024978_-	chr1	4024978	-	na	1
SSP_chr1_4025114_-	chr1	4025114	-	na	1
SSP_chr1_4025203_+	chr1	4025203	+	na	1
SSP_chr1_4025208_-	chr1	4025208	-	na	1
SSP_chr1_4025297_-	chr1	4025297	-	na	1
SSP_chr1_4025299_-	chr1	4025299	-	na	1
SSP_chr1_4025724_+	chr1	4025724	+	na	1
SSP_chr1_4026027_-	chr1	4026027	-	na	1
SSP_chr1_4026030_-	chr1	4026030	-	na	1
SSP_chr1_4026056_-	chr1	4026056	-	na	1
SSP_chr1_4026058_-	chr1	4026058	-	na	1
SSP_chr1_4026083_-	chr1	4026083	-	na	1
SSP_chr1_4026100_-	chr1	4026100	-	na	1
SSP_chr1_4026401_-	chr1	4026401	-	na	1
SSP_chr1_4026526_-	chr1	4026526	-	na	1
SSP_chr1_4026541_+	chr1	4026541	+	na	1
SSP_chr1_4026541_-	chr1	4026541	-	na	1
SSP_chr1_4026545_-	chr1	4026545	-	na	2
SSP_chr1_4026786_-	chr1	4026786	-	na	1
SSP_chr1_4026831_+	chr1	4026831	+	na	1
SSP_chr1_4026841_+	chr1	4026841	+	na	3
SSP_chr1_4140586_-	chr1	4140586	-	na	3
SSP_chr1_4140596_-	chr1	4140596	-	na	1
SSP_chr1_4140641_+	chr1	4140641	+	na	1
SSP_chr1_4477399_-	chr1	4477399	-	na	1
SSP_chr1_4525218_-	chr1	4525218	-	na	1
SSP_chr1_4525246_+	chr1	4525246	+	na	1
SSP_chr1_4525257_+	chr1	4525257	+	na	1
SSP_chr1_4525291_+	chr1	4525291	+	na	2
SSP_chr1_4526202_+	chr1	4526202	+	na	1
SSP_chr1_4528255_-	chr1	4528255	-	na	1
SSP_chr1_4528283_+	chr1	4528283	+	na	1
SSP_chr1_4528294_+	chr1	4528294	+	na	1
SSP_chr1_4528328_+	chr1	4528328	+	na	2
SSP_chr1_4529239_+	chr1	4529239	+	na	1
SSP_chr1_4715839_-	chr1	4715839	-	na	3
SSP_chr1_4715849_-	chr1	4715849	-	na	1
SSP_chr1_4715894_+	chr1	4715894	+	na	1
SSP_chr1_4715978_-	chr1	4715978	-	na	1
SSP_chr1_4897556_-	chr1	4897556	-	na	3
SSP_chr1_4897566_-	chr1	4897566	-	na	1
SSP_chr1_4897611_+	chr1	4897611	+	na	1
SSP_chr1_4897862_-	chr1	4897862	-	na	1
SSP_chr1_4897863_-	chr1	4897863	-	na	1
SSP_chr1_4939921_+	chr1	4939921	+	na	1
SSP_chr1_4941962_-	chr1	4941962	-	na	1
SSP_chr1_4942007_+	chr1	4942007	+	na	1
SSP_chr1_4942017_+	chr1	4942017	+	na	3
SSP_chr1_5021560_+	chr1	5021560	+	na	1
SSP_chr1_5021802_-	chr1	5021802	-	na	1
SSP_chr1_5066466_+	chr1	5066466	+	na	1
SSP_chr1_5176120_-	chr1	5176120	-	na	1
SSP_chr1_5176165_+	chr1	5176165	+	na	1
SSP_chr1_5176175_+	chr1	5176175	+	na	3
SSP_chr1_5190792_-	chr1	5190792	-	na	3
SSP_chr1_5190802_-	chr1	5190802	-	na	1
SSP_chr1_5190847_+	chr1	5190847	+	na	1
SSP_chr1_5191088_+	chr1	5191088	+	na	2
SSP_chr1_5191092_+	chr1	5191092	+	na	1
SSP_chr1_5191092_-	chr1	5191092	-	na	1
SSP_chr1_5191107_+	chr1	5191107	+	na	1
SSP_chr1_5191232_+	chr1	5191232	+	na	1
SSP_chr1_5191533_+	chr1	5191533	+	na	1
SSP_chr1_5191550_+	chr1	5191550	+	na	1
SSP_chr1_5191575_+	chr1	5191575	+	na	1
SSP_chr1_5191577_+	chr1	5191577	+	na	1
SSP_chr1_5191603_+	chr1	5191603	+	na	1
SSP_chr1_5191606_+	chr1	5191606	+	na	1
SSP_chr1_5191909_-	chr1	5191909	-	na	1
SSP_chr1_5192334_+	chr1	5192334	+	na	1
SSP_chr1_5192336_+	chr1	5192336	+	na	1
SSP_chr1_5192425_+	chr1	5192425	+	na	1
SSP_chr1_5192430_-	chr1	5192430	-	na	1
SSP_chr1_5192519_+	chr1	5192519	+	na	1
SSP_chr1_5192655_+	chr1	5192655	+	na	1
SSP_chr1_5192688_-	chr1	5192688	-	na	1
SSP_chr1_5192754_+	chr1	5192754	+	na	1
SSP_chr1_5192766_+	chr1	5192766	+	na	1
SSP_chr1_5192824_+	chr1	5192824	+	na	1
SSP_chr1_5192880_+	chr1	5192880	+	na	1
SSP_chr1_5192881_-	chr1	5192881	-	na	1
SSP_chr1_5192952_+	chr1	5192952	+	na	1
SSP_chr1_5192965_+	chr1	5192965	+	na	1
SSP_chr1_5193013_+	chr1	5193013	+	na	1
SSP_chr1_5193380_+	chr1	5193380	+	na	1
SSP_chr1_5193676_+	chr1	5193676	+	na	1
SSP_chr1_5193702_+	chr1	5193702	+	na	1
SSP_chr1_5193708_+	chr1	5193708	+	na	2
SSP_chr1_5193751_+	chr1	5193751	+	na	1
SSP_chr1_5193920_-	chr1	5193920	-	na	1
SSP_chr1_5194072_-	chr1	5194072	-	na	1
SSP_chr1_5195125_-	chr1	5195125	-	na	1
SSP_chr1_5195329_-	chr1	5195329	-	na	1
SSP_chr1_5195359_-	chr1	5195359	-	na	3
SSP_chr1_5195369_-	chr1	5195369	-	na	1
SSP_chr1_5195414_+	chr1	5195414	+	na	1
SSP_chr1_5195655_+	chr1	5195655	+	na	2
SSP_chr1_5195659_+	chr1	5195659	+	na	1
SSP_chr1_5195659_-	chr1	5195659	-	na	1
SSP_chr1_5195674_+	chr1	5195674	+	na	1
SSP_chr1_5195799_+	chr1	5195799	+	na	1
SSP_chr1_5196100_+	chr1	5196100	+	na	1
SSP_chr1_5196117_+	chr1	5196117	+	na	1
SSP_chr1_5196142_+	chr1	5196142	+	na	1
SSP_chr1_5196144_+	chr1	5196144	+	na	1
SSP_chr1_5196170_+	chr1	5196170	+	na	1
SSP_chr1_5196173_+	chr1	5196173	+	na	1
SSP_chr1_5196476_-	chr1	5196476	-	na	1
SSP_chr1_5196901_+	chr1	5196901	+	na	1
SSP_chr1_5196903_+	chr1	5196903	+	na	1
SSP_chr1_5196992_+	chr1	5196992	+	na	1
SSP_chr1_5196997_-	chr1	5196997	-	na	1
SSP_chr1_5197086_+	chr1	5197086	+	na	1
SSP_chr1_5197222_+	chr1	5197222	+	na	1
SSP_chr1_5197255_-	chr1	5197255	-	na	1
SSP_chr1_5197321_+	chr1	5197321	+	na	1
SSP_chr1_5197333_+	chr1	5197333	+	na	1
SSP_chr1_5197391_+	chr1	5197391	+	na	1
SSP_chr1_5197447_+	chr1	5197447	+	na	1
SSP_chr1_5197448_-	chr1	5197448	-	na	1
SSP_chr1_5197519_+	chr1	5197519	+	na	1
SSP_chr1_5197532_+	chr1	5197532	+	na	1
SSP_chr1_5197580_+	chr1	5197580	+	na	1
SSP_chr1_5197947_+	chr1	5197947	+	na	1
SSP_chr1_5198243_+	chr1	5198243	+	na	1
SSP_chr1_5198269_+	chr1	5198269	+	na	1
SSP_chr1_5198275_+	chr1	5198275	+	na	2
SSP_chr1_5198318_+	chr1	5198318	+	na	1
SSP_chr1_5198487_-	chr1	5198487	-	na	1
SSP_chr1_5198639_-	chr1	5198639	-	na	1
SSP_chr1_5199692_-	chr1	5199692	-	na	1
SSP_chr1_5199896_-	chr1	5199896	-	na	1
SSP_chr1_5199926_-	chr1	5199926	-	na	3
SSP_chr1_5199936_-	chr1	5199936	-	na	1
SSP_chr1_5199981_+	chr1	5199981	+	na	1
SSP_chr1_5325143_+	chr1	5325143	+	na	1
SSP_chr1_5325177_+	chr1	5325177	+	na	1
SSP_chr1_5325251_+	chr1	5325251	+	na	1
SSP_chr1_5559650_-	chr1	5559650	-	na	1
SSP_chr1_5559662_+	chr1	5559662	+	na	1
SSP_chr1_5559749_+	chr1	5559749	+	na	1
SSP_chr1_5559751_-	chr1	5559751	-	na	1
SSP_chr1_5559786_+	chr1	5559786	+	na	1
SSP_chr1_5562712_-	chr1	5562712	-	na	1
SSP_chr1_5563588_+	chr1	5563588	+	na	1
SSP_chr1_5571216_-	chr1	5571216	-	na	1
SSP_chr2_5246_-	chr2	5246	-	na	1
SSP_chr2_11628_-	chr2	11628	-	na	1
SSP_chr2_12505_+	chr2	12505	+	na	1
SSP_chr2_15428_-	chr2	15428	-	na	1
SSP_chr2_15463_+	chr2	15463	+	na	1
SSP_chr2_15465_-	chr2	15465	-	na	1
SSP_chr2_15552_-	chr2	15552	-	na	1
SSP_chr2_15564_+	chr2	15564	+	na	1
SSP_chr2_19257_-	chr2	19257	-	na	1
SSP_chr2_19318_+	chr2	19318	+	na	3
SSP_chr2_19318_-	chr2	19318	-	na	5
SSP_chr2_19328_-	chr2	19328	-	na	1
SSP_chr2_19362_+	chr2	19362	+	na	1
SSP_chr2_21721_+	chr2	21721	+	na	1
SSP_chr2_24174_+	chr2	24174	+	na	1
SSP_chr2_24243_+	chr2	24243	+	na	1
SSP_chr2_63482_+	chr2	63482	+	na	3
SSP_chr2_93285_+	chr2	93285	+	na	1
SSP_chr2_93285_-	chr2	93285	-	na	1
SSP_chr2_93295_+	chr2	93295	+	na	1
SSP_chr2_93329_-	chr2	93329	-	na	1
SSP_chr2_93363_+	chr2	93363	+	na	1
SSP_chr2_93869_+	chr2	93869	+	na	2
SSP_chr2_93869_-	chr2	93869	-	na	1
SSP_chr2_93882_+	chr2	93882	+	na	1
SSP_chr2_94080_+	chr2	94080	+	na	1
SSP_chr2_94080_-	chr2	94080	-	na	1
SSP_chr2_94081_+	chr2	94081	+	na	1
SSP_chr2_94088_-	chr2	94088	-	na	1
SSP_chr2_94132_+	chr2	94132	+	na	1
SSP_chr2_96044_+	chr2	96044	+	na	1
SSP_chr2_96044_-	chr2	96044	-	na	1
SSP_chr2_96054_+	chr2	96054	+	na	1
SSP_chr2_96088_-	chr2	96088	-	na	1
SSP_chr2_96122_+	chr2	96122	+	na	1
SSP_chr2_96628_+	chr2	96628	+	na	2
SSP_chr2_96628_-	chr2	96628	-	na	1
SSP_chr2_96641_+	chr2	96641	+	na	1
SSP_chr2_96839_+	chr2	96839	+	na	1
SSP_chr2_96839_-	chr2	96839	-	na	1
SSP_chr2_96840_+	chr2	96840	+	na	1
SSP_chr2_96847_-	chr2	96847	-	na	1
SSP_chr2_96891_+	chr2	96891	+	na	1
SSP_chr2_98803_+	chr2	98803	+	na	1
SSP_chr2_98803_-	chr2	98803	-	na	1
SSP_chr2_98813_+	chr2	98813	+	na	1
SSP_chr2_98847_-	chr2	98847	-	na	1
SSP_chr2_98881_+	chr2	98881	+	na	1
SSP_chr2_99387_+	chr2	99387	+	na	2
SSP_chr2_99387_-	chr2	99387	-	na	1
SSP_chr2_99400_+	chr2	99400	+	na	1
SSP_chr2_99598_+	chr2	99598	+	na	1
SSP_chr2_99598_-	chr2	99598	-	na	1
SSP_chr2_99599_+	chr2	99599	+	na	1
SSP_chr2_99606_-	chr2	99606	-	na	1
SSP_chr2_99650_+	chr2	99650	+	na	1
SSP_chr2_101562_+	chr2	101562	+	na	1
SSP_chr2_101562_-	chr2	101562	-	na	1
SSP_chr2_101572_+	chr2	101572	+	na	1
SSP_chr2_101606_-	chr2	101606	-	na	1
SSP_chr2_101640_+	chr2	101640	+	na	1
SSP_chr2_102146_+	chr2	102146	+	na	2
SSP_chr2_102146_-	chr2	102146	-	na	1
SSP_chr2_102159_+	chr2	102159	+	na	1
SSP_chr2_102357_+	chr2	102357	+	na	1
SSP_chr2_102357_-	chr2	102357	-	na	1
SSP_chr2_102358_+	chr2	102358	+	na	1
SSP_chr2_102365_-	chr2	102365	-	na	1
SSP_chr2_102409_+	chr2	102409	+	na	1
SSP_chr2_458793_-	chr2	458793	-	na	2
SSP_chr2_676379_+	chr2	676379	+	na	1
SSP_chr2_676463_-	chr2	676463	-	na	1
SSP_chr2_739737_+	chr2	739737	+	na	1
SSP_chr2_739738_+	chr2	739738	+	na	1
SSP_chr2_739820_-	chr2	739820	-	na	1
SSP_chr2_739905_+	chr2	739905	+	na	1
SSP_chr2_739989_-	chr2	739989	-	na	1
SSP_chr2_740045_+	chr2	740045	+	na	3
SSP_chr2_846749_-	chr2	846749	-	na	3
SSP_chr2_846759_-	chr2	846759	-	na	1
SSP_chr2_846805_+	chr2	846805	+	na	1
SSP_chr2_847047_-	chr2	847047	-	na	1
SSP_chr2_1033847_+	chr2	1033847	+	na	1
SSP_chr2_1033856_+	chr2	1033856	+	na	2
SSP_chr2_1033858_-	chr2	1033858	-	na	1
SSP_chr2_1805819_+	chr2	1805819	+	na	1
SSP_chr2_1805841_+	chr2	1805841	+	na	1
SSP_chr2_1805874_+	chr2	1805874	+	na	1
SSP_chr2_1812396_-	chr2	1812396	-	na	3
SSP_chr2_1812406_-	chr2	1812406	-	na	1
SSP_chr2_1812451_+	chr2	1812451	+	na	1
SSP_chr2_1812692_+	chr2	1812692	+	na	2
SSP_chr2_1812696_+	chr2	1812696	+	na	1
SSP_chr2_1812696_-	chr2	1812696	-	na	1
SSP_chr2_1812711_+	chr2	1812711	+	na	1
SSP_chr2_1812836_+	chr2	1812836	+	na	1
SSP_chr2_1813137_+	chr2	1813137	+	na	1
SSP_chr2_1813154_+	chr2	1813154	+	na	1
SSP_chr2_1813179_+	chr2	1813179	+	na	1
SSP_chr2_1813181_+	chr2	1813181	+	na	1
SSP_chr2_1813207_+	chr2	1813207	+	na	1
SSP_chr2_1813210_+	chr2	1813210	+	na	1
SSP_chr2_1813513_-	chr2	1813513	-	na	1
SSP_chr2_1813938_+	chr2	1813938	+	na	1
SSP_chr2_1813940_+	chr2	1813940	+	na	1
SSP_chr2_1814029_+	chr2	1814029	+	na	1
SSP_chr2_1814034_-	chr2	1814034	-	na	1
SSP_chr2_1814123_+	chr2	1814123	+	na	1
SSP_chr2_1814259_+	chr2	1814259	+	na	1
SSP_chr2_1814292_-	chr2	1814292	-	na	1
SSP_chr2_1814358_+	chr2	1814358	+	na	1
SSP_chr2_1814370_+	chr2	1814370	+	na	1
SSP_chr2_1814428_+	chr2	1814428	+	na	1
SSP_chr2_1814484_+	chr2	1814484	+	na	1
SSP_chr2_1814485_-	chr2	1814485	-	na	1
SSP_chr2_1814646_+	chr2	1814646	+	na	1
SSP_chr2_1814900_+	chr2	1814900	+	na	1
SSP_chr2_1814984_+	chr2	1814984	+	na	1
SSP_chr2_1815280_+	chr2	1815280	+	na	1
SSP_chr2_1815306_+	chr2	1815306	+	na	1
SSP_chr2_1815312_+	chr2	1815312	+	na	2
SSP_chr2_1815355_+	chr2	1815355	+	na	1
SSP_chr2_1815524_-	chr2	1815524	-	na	1
SSP_chr2_1815676_-	chr2	1815676	-	na	1
SSP_chr2_1816729_-	chr2	1816729	-	na	1
SSP_chr2_1816931_-	chr2	1816931	-	na	1
SSP_chr2_1816961_-	chr2	1816961	-	na	3
SSP_chr2_1816971_-	chr2	1816971	-	na	1
SSP_chr2_1817016_+	chr2	1817016	+	na	1
SSP_chr2_1817261_-	chr2	1817261	-	na	1
SSP_chr2_1817262_-	chr2	1817262	-	na	1
SSP_chr2_1826500_-	chr2	1826500	-	na	1
SSP_chr2_1826533_-	chr2	1826533	-	na	1
SSP_chr2_1826555_-	chr2	1826555	-	na	1
SSP_chr2_1964872_+	chr2	1964872	+	na	1
SSP_chr2_1965117_-	chr2	1965117	-	na	1
SSP_chr2_1965172_+	chr2	1965172	+	na	3
SSP_chr2_1965202_+	chr2	1965202	+	na	1
SSP_chr2_1965376_-	chr2	1965376	-	na	1
SSP_chr2_1965406_+	chr2	1965406	+	na	1
SSP_chr2_1966459_+	chr2	1966459	+	na	1
SSP_chr2_1966611_+	chr2	1966611	+	na	1
SSP_chr2_1966780_-	chr2	1966780	-	na	1
SSP_chr2_1966823_-	chr2	1966823	-	na	2
SSP_chr2_1966829_-	chr2	1966829	-	na	1
SSP_chr2_1966855_-	chr2	1966855	-	na	1
SSP_chr2_1967151_-	chr2	1967151	-	na	1
SSP_chr2_1967235_-	chr2	1967235	-	na	1
SSP_chr2_1967649_+	chr2	1967649	+	na	1
SSP_chr2_1967650_-	chr2	1967650	-	na	1
SSP_chr2_1967706_-	chr2	1967706	-	na	1
SSP_chr2_1967764_-	chr2	1967764	-	na	1
SSP_chr2_1967776_-	chr2	1967776	-	na	1
SSP_chr2_1967842_+	chr2	1967842	+	na	1
SSP_chr2_1967875_-	chr2	1967875	-	na	1
SSP_chr2_1968011_-	chr2	1968011	-	na	1
SSP_chr2_1968100_+	chr2	1968100	+	na	1
SSP_chr2_1968105_-	chr2	1968105	-	na	1
SSP_chr2_1968194_-	chr2	1968194	-	na	1
SSP_chr2_1968196_-	chr2	1968196	-	na	1
SSP_chr2_1968621_+	chr2	1968621	+	na	1
SSP_chr2_1968924_-	chr2	1968924	-	na	1
SSP_chr2_1968927_-	chr2	1968927	-	na	1
SSP_chr2_1968953_-	chr2	1968953	-	na	1
SSP_chr2_1968955_-	chr2	1968955	-	na	1
SSP_chr2_1968980_-	chr2	1968980	-	na	1
SSP_chr2_1968997_-	chr2	1968997	-	na	1
SSP_chr2_1969298_-	chr2	1969298	-	na	1
SSP_chr2_1969423_-	chr2	1969423	-	na	1
SSP_chr2_1969438_+	chr2	1969438	+	na	1
SSP_chr2_1969438_-	chr2	1969438	-	na	1
SSP_chr2_1969442_-	chr2	1969442	-	na	2
SSP_chr2_1969683_-	chr2	1969683	-	na	1
SSP_chr2_1969738_+	chr2	1969738	+	na	3
SSP_chr2_1969790_-	chr2	1969790	-	na	1
SSP_chr2_1969791_-	chr2	1969791	-	na	3
SSP_chr2_2012352_+	chr2	2012352	+	na	1
SSP_chr2_2012352_-	chr2	2012352	-	na	3
SSP_chr2_2012362_-	chr2	2012362	-	na	1
SSP_chr2_2012374_+	chr2	2012374	+	na	1
SSP_chr2_2012407_+	chr2	2012407	+	na	1
SSP_chr2_2012444_-	chr2	2012444	-	na	1
SSP_chr2_2080976_-	chr2	2080976	-	na	3
SSP_chr2_2080986_-	chr2	2080986	-	na	1
SSP_chr2_2081031_+	chr2	2081031	+	na	1
SSP_chr2_2163749_+	chr2	2163749	+	na	1
SSP_chr2_2163759_+	chr2	2163759	+	na	3
SSP_chr2_2284286_-	chr2	2284286	-	na	1
SSP_chr2_2426035_-	chr2	2426035	-	na	3
SSP_chr2_2426045_-	chr2	2426045	-	na	1
SSP_chr2_2426090_+	chr2	2426090	+	na	1
SSP_chr2_2426332_-	chr2	2426332	-	na	1
SSP_chr2_2637051_-	chr2	2637051	-	na	1
SSP_chr2_2637096_+	chr2	2637096	+	na	1
SSP_chr2_2637106_+	chr2	2637106	+	na	3
SSP_chr2_3105870_-	chr2	3105870	-	na	3
SSP_chr2_3105880_-	chr2	3105880	-	na	1
SSP_chr2_3105925_+	chr2	3105925	+	na	1
SSP_chr2_3106009_-	chr2	3106009	-	na	1
SSP_chr2_3169267_-	chr2	3169267	-	na	1
SSP_chr2_3282907_-	chr2	3282907	-	na	3
SSP_chr2_3282917_-	chr2	3282917	-	na	1
SSP_chr2_3282962_+	chr2	3282962	+	na	1
SSP_chr2_3489350_-	chr2	3489350	-	na	3
SSP_chr2_3489360_-	chr2	3489360	-	na	1
SSP_chr2_3489405_+	chr2	3489405	+	na	1
SSP_chr2_4047647_-	chr2	4047647	-	na	1
SSP_chr2_4296919_-	chr2	4296919	-	na	1
SSP_chr2_4296993_-	chr2	4296993	-	na	2
SSP_chr2_4414299_+	chr2	4414299	+	na	1
SSP_chr2_4414383_-	chr2	4414383	-	na	1
SSP_chr2_4414457_-	chr2	4414457	-	na	2
SSP_chr2_4414468_+	chr2	4414468	+	na	1
SSP_chr2_4414490_+	chr2	4414490	+	na	1
SSP_chr2_4414492_+	chr2	4414492	+	na	1
SSP_chr2_4414673_+	chr2	4414673	+	na	1
SSP_chr2_4415726_+	chr2	4415726	+	na	1
SSP_chr2_4415878_+	chr2	4415878	+	na	1
SSP_chr2_4416047_-	chr2	4416047	-	na	1
SSP_chr2_4416090_-	chr2	4416090	-	na	2
SSP_chr2_4416096_-	chr2	4416096	-	na	1
SSP_chr2_4416122_-	chr2	4416122	-	na	1
SSP_chr2_4416418_-	chr2	4416418	-	na	1
SSP_chr2_4416756_-	chr2	4416756	-	na	1
SSP_chr2_4416785_-	chr2	4416785	-	na	1
SSP_chr2_4416787_-	chr2	4416787	-	na	1
SSP_chr2_4416833_-	chr2	4416833	-	na	1
SSP_chr2_4416846_-	chr2	4416846	-	na	1
SSP_chr2_4416917_+	chr2	4416917	+	na	1
SSP_chr2_4416918_-	chr2	4416918	-	na	1
SSP_chr2_4416974_-	chr2	4416974	-	na	1
SSP_chr2_4417032_-	chr2	4417032	-	na	1
SSP_chr2_4417044_-	chr2	4417044	-	na	1
SSP_chr2_4417110_+	chr2	4417110	+	na	1
SSP_chr2_4417143_-	chr2	4417143	-	na	1
SSP_chr2_4417279_-	chr2	4417279	-	na	1
SSP_chr2_4417368_+	chr2	4417368	+	na	1
SSP_chr2_4417373_-	chr2	4417373	-	na	1
SSP_chr2_4417462_-	chr2	4417462	-	na	1
SSP_chr2_4417464_-	chr2	4417464	-	na	1
SSP_chr2_4417889_+	chr2	4417889	+	na	1
SSP_chr2_4418192_-	chr2	4418192	-	na	1
SSP_chr2_4418195_-	chr2	4418195	-	na	1
SSP_chr2_4418221_-	chr2	4418221	-	na	1
SSP_chr2_4418223_-	chr2	4418223	-	na	1
SSP_chr2_4418248_-	chr2	4418248	-	na	1
SSP_chr2_4418265_-	chr2	4418265	-	na	1
SSP_chr2_4418566_-	chr2	4418566	-	na	1
SSP_chr2_4418691_-	chr2	4418691	-	na	1
SSP_chr2_4418706_+	chr2	4418706	+	na	1
SSP_chr2_4418706_-	chr2	4418706	-	na	1
SSP_chr2_4418710_-	chr2	4418710	-	na	2
SSP_chr2_4418951_-	chr2	4418951	-	na	1
SSP_chr2_4418996_+	chr2	4418996	+	na	1
SSP_chr2_4419006_+	chr2	4419006	+	na	3
SSP_chr2_4437740_-	chr2	4437740	-	na	1
SSP_chr2_4481602_+	chr2	4481602	+	na	1
SSP_chr2_4493597_-	chr2	4493597	-	na	1
SSP_chr2_4493631_+	chr2	4493631	+	na	1
SSP_chr2_4493641_+	chr2	4493641	+	na	5
SSP_chr2_4493641_-	chr2	4493641	-	na	3
SSP_chr2_4493702_+	chr2	4493702	+	na	1
SSP_chr2_4497398_-	chr2	4497398	-	na	1
SSP_chr2_4497410_+	chr2	4497410	+	na	1
SSP_chr2_4497497_+	chr2	4497497	+	na	1
SSP_chr2_4497499_-	chr2	4497499	-	na	1
SSP_chr2_4497534_+	chr2	4497534	+	na	1
SSP_chr2_4500457_-	chr2	4500457	-	na	1
SSP_chr2_4501333_+	chr2	4501333	+	na	1
SSP_chr2_4507674_+	chr2	4507674	+	na	1
SSP_chr2_4516015_-	chr2	4516015	-	na	1
SSP_chr2_4538462_+	chr2	4538462	+	na	2
SSP_chr2_4538506_+	chr2	4538506	+	na	1
SSP_chr2_4539395_+	chr2	4539395	+	na	2
SSP_chr2_4539439_+	chr2	4539439	+	na	1
SSP_chr3_1719_-	chr3	1719	-	na	1
SSP_chr3_2522_-	chr3	2522	-	na	2
SSP_chr3_5212_-	chr3	5212	-	na	1
SSP_chr3_5316_+	chr3	5316	+	na	1
SSP_chr3_9384_+	chr3	9384	+	na	1
SSP_chr3_9921_+	chr3	9921	+	na	1
SSP_chr3_10307_+	chr3	10307	+	na	1
SSP_chr3_10559_+	chr3	10559	+	na	1
SSP_chr3_12589_-	chr3	12589	-	na	1
SSP_chr3_13392_-	chr3	13392	-	na	2
SSP_chr3_16082_-	chr3	16082	-	na	1
SSP_chr3_16186_+	chr3	16186	+	na	1
SSP_chr3_20254_+	chr3	20254	+	na	1
SSP_chr3_20791_+	chr3	20791	+	na	1
SSP_chr3_21177_+	chr3	21177	+	na	1
SSP_chr3_21429_+	chr3	21429	+	na	1
SSP_chr3_23459_-	chr3	23459	-	na	1
SSP_chr3_24262_-	chr3	24262	-	na	2
SSP_chr3_29494_+	chr3	29494	+	na	1
SSP_chr3_29494_-	chr3	29494	-	na	1
SSP_chr3_29496_-	chr3	29496	-	na	1
SSP_chr3_29503_+	chr3	29503	+	na	2
SSP_chr3_43105_+	chr3	43105	+	na	3
SSP_chr3_43106_+	chr3	43106	+	na	1
SSP_chr3_43213_+	chr3	43213	+	na	1
SSP_chr3_49490_+	chr3	49490	+	na	1
SSP_chr3_114429_-	chr3	114429	-	na	3
SSP_chr3_114439_-	chr3	114439	-	na	1
SSP_chr3_114451_+	chr3	114451	+	na	1
SSP_chr3_114484_+	chr3	114484	+	na	1
SSP_chr3_187253_+	chr3	187253	+	na	1
SSP_chr3_187337_-	chr3	187337	-	na	1
SSP_chr3_187382_+	chr3	187382	+	na	1
SSP_chr3_187392_+	chr3	187392	+	na	3
SSP_chr3_220635_-	chr3	220635	-	na	1
SSP_chr3_255779_-	chr3	255779	-	na	1
SSP_chr3_257285_+	chr3	257285	+	na	1
SSP_chr3_298575_+	chr3	298575	+	na	2
SSP_chr3_381425_+	chr3	381425	+	na	1
SSP_chr3_381432_+	chr3	381432	+	na	1
SSP_chr3_381688_-	chr3	381688	-	na	3
SSP_chr3_381698_-	chr3	381698	-	na	1
SSP_chr3_381743_+	chr3	381743	+	na	1
SSP_chr3_381989_-	chr3	381989	-	na	1
SSP_chr3_489119_-	chr3	489119	-	na	3
SSP_chr3_489129_-	chr3	489129	-	na	1
SSP_chr3_489174_+	chr3	489174	+	na	1
SSP_chr3_489593_-	chr3	489593	-	na	1
SSP_chr3_499951_+	chr3	499951	+	na	1
SSP_chr3_500202_-	chr3	500202	-	na	1
SSP_chr3_500247_+	chr3	500247	+	na	1
SSP_chr3_500257_+	chr3	500257	+	na	3
SSP_chr3_532144_+	chr3	532144	+	na	1
SSP_chr3_702024_-	chr3	702024	-	na	1
SSP_chr3_702069_+	chr3	702069	+	na	1
SSP_chr3_702079_+	chr3	702079	+	na	3
SSP_chr3_777781_-	chr3	777781	-	na	3
SSP_chr3_777791_-	chr3	777791	-	na	1
SSP_chr3_777836_+	chr3	777836	+	na	1
SSP_chr3_778077_+	chr3	778077	+	na	2
SSP_chr3_778081_+	chr3	778081	+	na	1
SSP_chr3_778081_-	chr3	778081	-	na	1
SSP_chr3_778096_+	chr3	778096	+	na	1
SSP_chr3_778221_+	chr3	778221	+	na	1
SSP_chr3_778522_+	chr3	778522	+	na	1
SSP_chr3_778539_+	chr3	778539	+	na	1
SSP_chr3_778564_+	chr3	778564	+	na	1
SSP_chr3_778566_+	chr3	778566	+	na	1
SSP_chr3_778592_+	chr3	778592	+	na	1
SSP_chr3_778595_+	chr3	778595	+	na	1
SSP_chr3_778898_-	chr3	778898	-	na	1
SSP_chr3_779323_+	chr3	779323	+	na	1
SSP_chr3_779325_+	chr3	779325	+	na	1
SSP_chr3_779414_+	chr3	779414	+	na	1
SSP_chr3_779419_-	chr3	779419	-	na	1
SSP_chr3_779508_+	chr3	779508	+	na	1
SSP_chr3_779644_+	chr3	779644	+	na	1
SSP_chr3_779677_-	chr3	779677	-	na	1
SSP_chr3_779743_+	chr3	779743	+	na	1
SSP_chr3_779755_+	chr3	779755	+	na	1
SSP_chr3_779813_+	chr3	779813	+	na	1
SSP_chr3_779869_+	chr3	779869	+	na	1
SSP_chr3_779870_-	chr3	779870	-	na	1
SSP_chr3_780031_+	chr3	780031	+	na	1
SSP_chr3_780285_+	chr3	780285	+	na	1
SSP_chr3_780369_+	chr3	780369	+	na	1
SSP_chr3_780665_+	chr3	780665	+	na	1
SSP_chr3_780691_+	chr3	780691	+	na	1
SSP_chr3_780697_+	chr3	780697	+	na	2
SSP_chr3_780740_+	chr3	780740	+	na	1
SSP_chr3_780909_-	chr3	780909	-	na	1
SSP_chr3_781061_-	chr3	781061	-	na	1
SSP_chr3_782114_-	chr3	782114	-	na	1
SSP_chr3_782318_-	chr3	782318	-	na	1
SSP_chr3_782348_-	chr3	782348	-	na	3
SSP_chr3_782358_-	chr3	782358	-	na	1
SSP_chr3_782403_+	chr3	782403	+	na	1
SSP_chr3_782648_-	chr3	782648	-	na	1
SSP_chr3_1196072_+	chr3	1196072	+	na	2
SSP_chr3_1196389_+	chr3	1196389	+	na	1
SSP_chr3_1207397_-	chr3	1207397	-	na	1
SSP_chr3_1207442_+	chr3	1207442	+	na	1
SSP_chr3_1207452_+	chr3	1207452	+	na	3
SSP_chr3_1401112_-	chr3	1401112	-	na	1
SSP_chr3_1466156_-	chr3	1466156	-	na	3
SSP_chr3_1466166_-	chr3	1466166	-	na	1
SSP_chr3_1466211_+	chr3	1466211	+	na	1
SSP_chr3_1502327_+	chr3	1502327	+	na	1
SSP_chr3_1513650_+	chr3	1513650	+	na	1
SSP_chr3_1530392_-	chr3	1530392	-	na	1
SSP_chr3_1530437_+	chr3	1530437	+	na	1
SSP_chr3_1530447_+	chr3	1530447	+	na	3
SSP_chr3_1574966_-	chr3	1574966	-	na	1
SSP_chr3_1582029_-	chr3	1582029	-	na	3
SSP_chr3_1582039_-	chr3	1582039	-	na	1
SSP_chr3_1582084_+	chr3	1582084	+	na	1
SSP_chr3_1632182_+	chr3	1632182	+	na	1
SSP_chr3_1632290_+	chr3	1632290	+	na	1
SSP_chr3_1632541_-	chr3	1632541	-	na	1
SSP_chr3_1632542_-	chr3	1632542	-	na	1
SSP_chr3_1716275_+	chr3	1716275	+	na	3
SSP_chr3_1716276_+	chr3	1716276	+	na	1
SSP_chr3_1716328_-	chr3	1716328	-	na	3
SSP_chr3_1716338_-	chr3	1716338	-	na	1
SSP_chr3_1716383_+	chr3	1716383	+	na	1
SSP_chr3_1716628_-	chr3	1716628	-	na	1
SSP_chr3_1800538_-	chr3	1800538	-	na	1
SSP_chr3_1806421_-	chr3	1806421	-	na	1
SSP_chr3_1808784_-	chr3	1808784	-	na	1
SSP_chr3_1862074_-	chr3	1862074	-	na	3
SSP_chr3_1862084_-	chr3	1862084	-	na	1
SSP_chr3_2064136_-	chr3	2064136	-	na	1
SSP_chr3_2084085_+	chr3	2084085	+	na	1
SSP_chr3_2084169_-	chr3	2084169	-	na	1
SSP_chr3_2084214_+	chr3	2084214	+	na	1
SSP_chr3_2084224_+	chr3	2084224	+	na	3
SSP_chr3_2110778_-	chr3	2110778	-	na	1
SSP_chr3_2110822_-	chr3	2110822	-	na	1
SSP_chr3_2119891_+	chr3	2119891	+	na	1
SSP_chr3_2145461_+	chr3	2145461	+	na	1
SSP_chr3_2145505_+	chr3	2145505	+	na	1
SSP_chr3_2148201_-	chr3	2148201	-	na	3
SSP_chr3_2148211_-	chr3	2148211	-	na	1
SSP_chr3_2148256_+	chr3	2148256	+	na	1
SSP_chr3_2148502_-	chr3	2148502	-	na	1
SSP_chr3_2158775_+	chr3	2158775	+	na	2
SSP_chr3_2158849_+	chr3	2158849	+	na	1
SSP_chr3_2180771_+	chr3	2180771	+	na	1
SSP_chr3_2180781_+	chr3	2180781	+	na	3
SSP_chr3_2210742_+	chr3	2210742	+	na	1
SSP_chr3_2319968_-	chr3	2319968	-	na	3
SSP_chr3_2319978_-	chr3	2319978	-	na	1
SSP_chr3_2320023_+	chr3	2320023	+	na	1
SSP_chr3_2320264_+	chr3	2320264	+	na	2
SSP_chr3_2320268_+	chr3	2320268	+	na	1
SSP_chr3_2320268_-	chr3	2320268	-	na	1
SSP_chr3_2320283_+	chr3	2320283	+	na	1
SSP_chr3_2320408_+	chr3	2320408	+	na	1
SSP_chr3_2320709_+	chr3	2320709	+	na	1
SSP_chr3_2320726_+	chr3	2320726	+	na	1
SSP_chr3_2320751_+	chr3	2320751	+	na	1
SSP_chr3_2320753_+	chr3	2320753	+	na	1
SSP_chr3_2320779_+	chr3	2320779	+	na	1
SSP_chr3_2320782_+	chr3	2320782	+	na	1
SSP_chr3_2321085_-	chr3	2321085	-	na	1
SSP_chr3_2321510_+	chr3	2321510	+	na	1
SSP_chr3_2321512_+	chr3	2321512	+	na	1
SSP_chr3_2321601_+	chr3	2321601	+	na	1
SSP_chr3_2321606_-	chr3	2321606	-	na	1
SSP_chr3_2321695_+	chr3	2321695	+	na	1
SSP_chr3_2321831_+	chr3	2321831	+	na	1
SSP_chr3_2321864_-	chr3	2321864	-	na	1
SSP_chr3_2321930_+	chr3	2321930	+	na	1
SSP_chr3_2321942_+	chr3	2321942	+	na	1
SSP_chr3_2322000_+	chr3	2322000	+	na	1
SSP_chr3_2322217_+	chr3	2322217	+	na	1
SSP_chr3_2322471_+	chr3	2322471	+	na	1
SSP_chr3_2322555_+	chr3	2322555	+	na	1
SSP_chr3_2322851_+	chr3	2322851	+	na	1
SSP_chr3_2322877_+	chr3	2322877	+	na	1
SSP_chr3_2322883_+	chr3	2322883	+	na	2
SSP_chr3_2322926_+	chr3	2322926	+	na	1
SSP_chr3_2323095_-	chr3	2323095	-	na	1
SSP_chr3_2323247_-	chr3	2323247	-	na	1
SSP_chr3_2324300_-	chr3	2324300	-	na	1
SSP_chr3_2324330_+	chr3	2324330	+	na	1
SSP_chr3_2324504_-	chr3	2324504	-	na	1
SSP_chr3_2324534_-	chr3	2324534	-	na	3
SSP_chr3_2324544_-	chr3	2324544	-	na	1
SSP_chr3_2324589_+	chr3	2324589	+	na	1
SSP_chr3_2434607_-	chr3	2434607	-	na	2
SSP_chr3_2434614_+	chr3	2434614	+	na	1
SSP_chr3_2434616_+	chr3	2434616	+	na	1
SSP_chr3_2434616_-	chr3	2434616	-	na	1
SSP_chr3_2439860_+	chr3	2439860	+	na	2
SSP_chr3_2440664_+	chr3	2440664	+	na	1
SSP_chr3_2442691_-	chr3	2442691	-	na	1
SSP_chr3_2442943_-	chr3	2442943	-	na	1
SSP_chr3_2443329_-	chr3	2443329	-	na	1
SSP_chr3_2443866_-	chr3	2443866	-	na	1
SSP_chr3_2447952_-	chr3	2447952	-	na	1
SSP_chr3_2447993_+	chr3	2447993	+	na	1
SSP_chr3_2450749_+	chr3	2450749	+	na	2
SSP_chr3_2451553_+	chr3	2451553	+	na	1
