BCfullnonSN_00000787_dup1	chr2	95.652	23	1	0	1	23	2426337	2426359	4.30e-04	38.3	chr2	2426337	+	1		
BCfullnonSN_00000767_dup1	chr2	100.000	64	0	0	1	64	4437847	4437910	3.91e-27	116	chr2	4437847	+	1		
