seq1_dupl1_indpt1	chr1	100.000	18	0	0	1	18	4782378	4782361	0.019	33.7
seq2_dupl1_indpt1	chr1	100.000	18	0	0	1	18	1074102	1074119	0.003	33.7
